Component: ARM Compiler 5.05 update 1 (build 106) Tool: armlink [4d0efa]

==============================================================================

Section Cross References

    main.o(i.CanGameOver) refers to main.o(.bss) for broad
    main.o(i.CanLongChange) refers to main.o(.data) for g_nLine
    main.o(i.CanLongChange) refers to main.o(.bss) for broad
    main.o(i.CanSqureChangeShape) refers to main.o(.data) for g_nLine
    main.o(i.CanSqureChangeShape) refers to main.o(.bss) for broad
    main.o(i.CanSqureDown) refers to main.o(.bss) for broad
    main.o(i.CanSqureDown2) refers to main.o(.bss) for broad
    main.o(i.CanSqureLeft) refers to main.o(.bss) for broad
    main.o(i.CanSqureRight) refers to main.o(.bss) for broad
    main.o(i.Change1To2) refers to main.o(.bss) for broad
    main.o(i.Change1To2) refers to main.o(.data) for nSqareID
    main.o(i.ChangeSqure) refers to main.o(i.CanSqureChangeShape) for CanSqureChangeShape
    main.o(i.ChangeSqure) refers to main.o(i.ChangeSqureNormal) for ChangeSqureNormal
    main.o(i.ChangeSqure) refers to main.o(i.CanLongChange) for CanLongChange
    main.o(i.ChangeSqure) refers to main.o(i.ChangeSqureLong) for ChangeSqureLong
    main.o(i.ChangeSqure) refers to main.o(.data) for nSqareID
    main.o(i.ChangeSqureLong) refers to main.o(.data) for g_nLine
    main.o(i.ChangeSqureLong) refers to main.o(.bss) for broad
    main.o(i.ChangeSqureNormal) refers to rt_memclr_w.o(.text) for __aeabi_memclr4
    main.o(i.ChangeSqureNormal) refers to main.o(.data) for g_nLine
    main.o(i.ChangeSqureNormal) refers to main.o(.bss) for broad
    main.o(i.CopySqareToBack) refers to main.o(.bss) for arrSqare
    main.o(i.CreateRandomSqare) refers to rand.o(.emb_text) for rand
    main.o(i.CreateRandomSqare) refers to main.o(.bss) for nextarrSqare
    main.o(i.CreateRandomSqare) refers to main.o(.data) for g_nextLine
    main.o(i.DestoryOneLine) refers to main.o(.bss) for broad
    main.o(i.DestoryOneLine) refers to main.o(.data) for Score
    main.o(i.DrawBlock) refers to lcd.o(i.LCD_Fill) for LCD_Fill
    main.o(i.DrawBlock) refers to main.o(.data) for CELL_SIZE
    main.o(i.DrawBorderLine) refers to lcd.o(i.LCD_DrawRectangle) for LCD_DrawRectangle
    main.o(i.DrawBorderLine) refers to lcd.o(i.LCD_ShowString) for LCD_ShowString
    main.o(i.DrawBorderLine) refers to lcd.o(i.LCD_ShowxNum) for LCD_ShowxNum
    main.o(i.DrawBorderLine) refers to lcd.o(.data) for POINT_COLOR
    main.o(i.DrawBorderLine) refers to main.o(.data) for Score
    main.o(i.DrawNextBlock) refers to lcd.o(i.LCD_Fill) for LCD_Fill
    main.o(i.DrawNextBlock) refers to main.o(.data) for CELL_SIZE
    main.o(i.RePaint) refers to lcd.o(i.LCD_Clear) for LCD_Clear
    main.o(i.RePaint) refers to main.o(i.DrawBorderLine) for DrawBorderLine
    main.o(i.RePaint) refers to main.o(i.draw_blocks) for draw_blocks
    main.o(i.RePaint) refers to main.o(i.draw_death_blocks) for draw_death_blocks
    main.o(i.RePaint) refers to main.o(i.draw_next_blocks) for draw_next_blocks
    main.o(i.SqureDown) refers to main.o(.bss) for broad
    main.o(i.SqureLeft) refers to main.o(.bss) for broad
    main.o(i.SqureRight) refers to main.o(.bss) for broad
    main.o(i.StartScene) refers to lcd.o(i.LCD_Clear) for LCD_Clear
    main.o(i.StartScene) refers to lcd.o(i.LCD_ShowString) for LCD_ShowString
    main.o(i.addRankList) refers to main.o(i.shiftRank) for shiftRank
    main.o(i.addRankList) refers to main.o(.bss) for scoreRankList
    main.o(i.broad_Init) refers to main.o(.bss) for broad
    main.o(i.broad_Init) refers to main.o(.data) for COLS
    main.o(i.copyNextToNow) refers to main.o(.bss) for nextarrSqare
    main.o(i.copyNextToNow) refers to main.o(.data) for nextnSqareID
    main.o(i.drawYouDead) refers to lcd.o(i.LCD_Clear) for LCD_Clear
    main.o(i.drawYouDead) refers to lcd.o(i.LCD_ShowString) for LCD_ShowString
    main.o(i.draw_blocks) refers to main.o(i.DrawBlock) for DrawBlock
    main.o(i.draw_blocks) refers to main.o(.bss) for broad
    main.o(i.draw_blocks) refers to main.o(.data) for colortable
    main.o(i.draw_death_blocks) refers to main.o(i.DrawBlock) for DrawBlock
    main.o(i.draw_death_blocks) refers to main.o(.bss) for broad
    main.o(i.draw_death_blocks) refers to main.o(.data) for colortable
    main.o(i.draw_next_blocks) refers to main.o(i.DrawNextBlock) for DrawNextBlock
    main.o(i.draw_next_blocks) refers to main.o(.bss) for nextarrSqare
    main.o(i.draw_next_blocks) refers to main.o(.data) for colortable
    main.o(i.main) refers to delay.o(i.delay_init) for delay_init
    main.o(i.main) refers to usart.o(i.uart_init) for uart_init
    main.o(i.main) refers to led.o(i.LED_Init) for LED_Init
    main.o(i.main) refers to lcd.o(i.LCD_Init) for LCD_Init
    main.o(i.main) refers to adc.o(i.Adc_Init) for Adc_Init
    main.o(i.main) refers to adc.o(i.Get_Adc_Average) for Get_Adc_Average
    main.o(i.main) refers to rand.o(.text) for srand
[...]
    ../clib/angel/kernel.s                   0x00000000   Number         0  __rtentry.o ABSOLUTE
    ../clib/angel/kernel.s                   0x00000000   Number         0  __rtentry4.o ABSOLUTE
    ../clib/angel/kernel.s                   0x00000000   Number         0  __rtentry2.o ABSOLUTE
    ../clib/angel/rt.s                       0x00000000   Number         0  rt_raise.o ABSOLUTE
    ../clib/angel/scatter.s                  0x00000000   Number         0  __scatter.o ABSOLUTE
    ../clib/angel/startup.s                  0x00000000   Number         0  __main.o ABSOLUTE
    ../clib/angel/sys.s                      0x00000000   Number         0  use_no_semi.o ABSOLUTE
    ../clib/angel/sys.s                      0x00000000   Number         0  sys_stackheap_outer.o ABSOLUTE
    ../clib/angel/sys.s                      0x00000000   Number         0  indicate_semi.o ABSOLUTE
    ../clib/angel/sys.s                      0x00000000   Number         0  libspace.o ABSOLUTE
    ../clib/angel/sys.s                      0x00000000   Number         0  use_no_semi_2.o ABSOLUTE
    ../clib/angel/sysapp.c                   0x00000000   Number         0  sys_wrch.o ABSOLUTE
    ../clib/angel/sysapp.c                   0x00000000   Number         0  sys_command.o ABSOLUTE
    ../clib/armsys.c                         0x00000000   Number         0  no_argv.o ABSOLUTE
    ../clib/armsys.c                         0x00000000   Number         0  _get_argv_nomalloc.o ABSOLUTE
    ../clib/armsys.c                         0x00000000   Number         0  argv_veneer.o ABSOLUTE
    ../clib/armsys.c                         0x00000000   Number         0  argv_veneer.o ABSOLUTE
    ../clib/heapalloc.c                      0x00000000   Number         0  hrguard.o ABSOLUTE
    ../clib/heapaux.c                        0x00000000   Number         0  heapauxi.o ABSOLUTE
    ../clib/libinit.s                        0x00000000   Number         0  libinit.o ABSOLUTE
    ../clib/libinit.s                        0x00000000   Number         0  libinit2.o ABSOLUTE
    ../clib/libinit.s                        0x00000000   Number         0  libshutdown2.o ABSOLUTE
    ../clib/libinit.s                        0x00000000   Number         0  libshutdown.o ABSOLUTE
    ../clib/memcpset.s                       0x00000000   Number         0  rt_memclr_w.o ABSOLUTE
    ../clib/printf.c                         0x00000000   Number         0  _printf_hex_ll_ptr.o ABSOLUTE
    ../clib/printf.c                         0x00000000   Number         0  __printf_flags_wp.o ABSOLUTE
    ../clib/printf.c                         0x00000000   Number         0  _printf_hex_int_ptr.o ABSOLUTE
    ../clib/printf.c                         0x00000000   Number         0  __printf_wp.o ABSOLUTE
    ../clib/printf.c                         0x00000000   Number         0  _printf_hex_ptr.o ABSOLUTE
    ../clib/printf.c                         0x00000000   Number         0  _printf_char_common.o ABSOLUTE
    ../clib/printf.c                         0x00000000   Number         0  _printf_hex_int_ll.o ABSOLUTE
    ../clib/printf.c                         0x00000000   Number         0  __printf_flags_ss.o ABSOLUTE
    ../clib/printf.c                         0x00000000   Number         0  __printf_ss.o ABSOLUTE
    ../clib/printf.c                         0x00000000   Number         0  _printf_char_file.o ABSOLUTE
    ../clib/printf.c                         0x00000000   Number         0  _printf_intcommon.o ABSOLUTE
    ../clib/printf.c                         0x00000000   Number         0  __printf_flags_ss_wp.o ABSOLUTE
    ../clib/printf.c                         0x00000000   Number         0  _printf_hex_int.o ABSOLUTE
    ../clib/printf.c                         0x00000000   Number         0  _printf_hex_int_ll_ptr.o ABSOLUTE
    ../clib/printf.c                         0x00000000   Number         0  __printf_flags.o ABSOLUTE
    ../clib/printf.c                         0x00000000   Number         0  _printf_hex_ll.o ABSOLUTE
    ../clib/printf.c                         0x00000000   Number         0  __printf_nopercent.o ABSOLUTE
    ../clib/printf.c                         0x00000000   Number         0  __printf.o ABSOLUTE
    ../clib/printf.c                         0x00000000   Number         0  noretval__2printf.o ABSOLUTE
    ../clib/printf.c                         0x00000000   Number         0  __printf_ss_wp.o ABSOLUTE
    ../clib/printf.c                         0x00000000   Number         0  __2printf.o ABSOLUTE
    ../clib/printf_percent.s                 0x00000000   Number         0  _printf_percent.o ABSOLUTE
    ../clib/printf_percent.s                 0x00000000   Number         0  _printf_percent_end.o ABSOLUTE
    ../clib/printf_percent.s                 0x00000000   Number         0  _printf_x.o ABSOLUTE
    ../clib/signal.c                         0x00000000   Number         0  defsig_segv_inner.o ABSOLUTE
    ../clib/signal.c                         0x00000000   Number         0  defsig_cppl_inner.o ABSOLUTE
    ../clib/signal.c                         0x00000000   Number         0  defsig_rtmem_formal.o ABSOLUTE
    ../clib/signal.c                         0x00000000   Number         0  defsig_rtmem_outer.o ABSOLUTE
    ../clib/signal.c                         0x00000000   Number         0  defsig_pvfn_inner.o ABSOLUTE
    ../clib/signal.c                         0x00000000   Number         0  defsig_stak_inner.o ABSOLUTE
    ../clib/signal.c                         0x00000000   Number         0  defsig_rtred_inner.o ABSOLUTE
    ../clib/signal.c                         0x00000000   Number         0  defsig_fpe_inner.o ABSOLUTE
    ../clib/signal.c                         0x00000000   Number         0  defsig_exit.o ABSOLUTE
    ../clib/signal.c                         0x00000000   Number         0  defsig_rtmem_inner.o ABSOLUTE
    ../clib/signal.c                         0x00000000   Number         0  __raise.o ABSOLUTE
    ../clib/signal.c                         0x00000000   Number         0  defsig_general.o ABSOLUTE
    ../clib/signal.c                         0x00000000   Number         0  defsig_abrt_inner.o ABSOLUTE
    ../clib/signal.c                         0x00000000   Number         0  defsig_other.o ABSOLUTE
    ../clib/signal.s                         0x00000000   Number         0  defsig.o ABSOLUTE
    ../clib/stdio.c                          0x00000000   Number         0  ferror.o ABSOLUTE
    ../clib/stdio.c                          0x00000000   Number         0  ferror_locked.o ABSOLUTE
    ../clib/stdlib.c                         0x00000000   Number         0  exit.o ABSOLUTE
    ../clib/stdlib.c                         0x00000000   Number         0  rand.o ABSOLUTE
    ../clib/stdlib.c                         0x00000000   Number         0  rand.o ABSOLUTE
    ../fplib/dfixu.s                         0x00000000   Number         0  dfixu.o ABSOLUTE
    ../fplib/dflt.s                          0x00000000   Number         0  dflt_clz.o ABSOLUTE
    ../fplib/dmul.s                          0x00000000   Number         0  dmul.o ABSOLUTE
    ../fplib/dnaninf.s                       0x00000000   Number         0  dnaninf.o ABSOLUTE
    ../fplib/dretinf.s                       0x00000000   Number         0  dretinf.o ABSOLUTE
    ../fplib/fpinit.s                        0x00000000   Number         0  fpinit.o ABSOLUTE
    ../fplib/usenofp.s                       0x00000000   Number         0  usenofp.o ABSOLUTE
    CORE\\core_cm3.c                         0x00000000   Number         0  core_cm3.o ABSOLUTE
    CORE\core_cm3.c                          0x00000000   Number         0  core_cm3.o ABSOLUTE
    D:\Programfile\Keil_v5\ARM\PACK\Keil\STM32F1xx_DFP\2.2.0\Device\StdPeriph_Driver\src\misc.c 0x00000000   Number         0  misc.o ABSOLUTE
    D:\Programfile\Keil_v5\ARM\PACK\Keil\STM32F1xx_DFP\2.2.0\Device\StdPeriph_Driver\src\stm32f10x_adc.c 0x00000000   Number         0  stm32f10x_adc.o ABSOLUTE
    D:\Programfile\Keil_v5\ARM\PACK\Keil\STM32F1xx_DFP\2.2.0\Device\StdPeriph_Driver\src\stm32f10x_gpio.c 0x00000000   Number         0  stm32f10x_gpio.o ABSOLUTE
    D:\Programfile\Keil_v5\ARM\PACK\Keil\STM32F1xx_DFP\2.2.0\Device\StdPeriph_Driver\src\stm32f10x_rcc.c 0x00000000   Number         0  stm32f10x_rcc.o ABSOLUTE
    D:\Programfile\Keil_v5\ARM\PACK\Keil\STM32F1xx_DFP\2.2.0\Device\StdPeriph_Driver\src\stm32f10x_tim.c 0x00000000   Number         0  stm32f10x_tim.o ABSOLUTE
    D:\Programfile\Keil_v5\ARM\PACK\Keil\STM32F1xx_DFP\2.2.0\Device\StdPeriph_Driver\src\stm32f10x_usart.c 0x00000000   Number         0  stm32f10x_usart.o ABSOLUTE
    D:\Programfile\Keil_v5\ARM\PACK\Keil\STM32F1xx_DFP\2.2.0\RTE_Driver\GPIO_STM32F10x.c 0x00000000   Number         0  gpio_stm32f10x.o ABSOLUTE
    HARDWARE\ADC\adc.c                       0x00000000   Number         0  adc.o ABSOLUTE
    HARDWARE\LCD\lcd.c                       0x00000000   Number         0  lcd.o ABSOLUTE
    HARDWARE\LED\led.c                       0x00000000   Number         0  led.o ABSOLUTE
    HARDWARE\REMOTE\remote.c                 0x00000000   Number         0  remote.o ABSOLUTE
    RTE\Device\STM32F103RC\startup_stm32f10x_hd.s 0x00000000   Number         0  startup_stm32f10x_hd.o ABSOLUTE
    RTE\Device\STM32F103RC\system_stm32f10x.c 0x00000000   Number         0  system_stm32f10x.o ABSOLUTE
    SYSTEM\\sys\\sys.c                       0x00000000   Number         0  sys.o ABSOLUTE
    SYSTEM\delay\delay.c                     0x00000000   Number         0  delay.o ABSOLUTE
    SYSTEM\sys\sys.c                         0x00000000   Number         0  sys.o ABSOLUTE
    SYSTEM\usart\usart.c                     0x00000000   Number         0  usart.o ABSOLUTE
    dc.s                                     0x00000000   Number         0  dc.o ABSOLUTE
    main.c                                   0x00000000   Number         0  main.o ABSOLUTE
    RESET                                    0x08000000   Section      304  startup_stm32f10x_hd.o(RESET)
    !!!main                                  0x08000130   Section        8  __main.o(!!!main)
    !!!scatter                               0x08000138   Section       52  __scatter.o(!!!scatter)
    !!handler_copy                           0x0800016c   Section       26  __scatter_copy.o(!!handler_copy)
    !!handler_zi                             0x08000188   Section       28  __scatter_zi.o(!!handler_zi)
    .ARM.Collect$$_printf_percent$$00000000  0x080001a4   Section        0  _printf_percent.o(.ARM.Collect$$_printf_percent$$00000000)
    .ARM.Collect$$_printf_percent$$0000000C  0x080001a4   Section        6  _printf_x.o(.ARM.Collect$$_printf_percent$$0000000C)
    .ARM.Collect$$_printf_percent$$00000017  0x080001aa   Section        4  _printf_percent_end.o(.ARM.Collect$$_printf_percent$$00000017)
    .ARM.Collect$$libinit$$00000000          0x080001ae   Section        2  libinit.o(.ARM.Collect$$libinit$$00000000)
    .ARM.Collect$$libinit$$00000002          0x080001b0   Section        0  libinit2.o(.ARM.Collect$$libinit$$00000002)
    .ARM.Collect$$libinit$$00000004          0x080001b0   Section        0  libinit2.o(.ARM.Collect$$libinit$$00000004)
    .ARM.Collect$$libinit$$0000000A          0x080001b0   Section        0  libinit2.o(.ARM.Collect$$libinit$$0000000A)
    .ARM.Collect$$libinit$$0000000C          0x080001b0   Section        0  libinit2.o(.ARM.Collect$$libinit$$0000000C)
    .ARM.Collect$$libinit$$0000000D          0x080001b0   Section        4  libinit2.o(.ARM.Collect$$libinit$$0000000D)
    .ARM.Collect$$libinit$$0000000E          0x080001b4   Section        0  libinit2.o(.ARM.Collect$$libinit$$0000000E)
    .ARM.Collect$$libinit$$00000011          0x080001b4   Section        0  libinit2.o(.ARM.Collect$$libinit$$00000011)
    .ARM.Collect$$libinit$$00000013          0x080001b4   Section        0  libinit2.o(.ARM.Collect$$libinit$$00000013)
    .ARM.Collect$$libinit$$00000015          0x080001b4   Section        0  libinit2.o(.ARM.Collect$$libinit$$00000015)
    .ARM.Collect$$libinit$$00000017          0x080001b4   Section        0  libinit2.o(.ARM.Collect$$libinit$$00000017)
    .ARM.Collect$$libinit$$00000019          0x080001b4   Section        0  libinit2.o(.ARM.Collect$$libinit$$00000019)
    .ARM.Collect$$libinit$$0000001B          0x080001b4   Section        0  libinit2.o(.ARM.Collect$$libinit$$0000001B)
    .ARM.Collect$$libinit$$0000001D          0x080001b4   Section        0  libinit2.o(.ARM.Collect$$libinit$$0000001D)
    .ARM.Collect$$libinit$$0000001F          0x080001b4   Section        0  libinit2.o(.ARM.Collect$$libinit$$0000001F)
    .ARM.Collect$$libinit$$00000021          0x080001b4   Section        0  libinit2.o(.ARM.Collect$$libinit$$00000021)
    .ARM.Collect$$libinit$$00000023          0x080001b4   Section        0  libinit2.o(.ARM.Collect$$libinit$$00000023)
    .ARM.Collect$$libinit$$00000025          0x080001b4   Section        0  libinit2.o(.ARM.Collect$$libinit$$00000025)
    .ARM.Collect$$libinit$$0000002C          0x080001b4   Section        0  libinit2.o(.ARM.Collect$$libinit$$0000002C)
    .ARM.Collect$$libinit$$0000002E          0x080001b4   Section        0  libinit2.o(.ARM.Collect$$libinit$$0000002E)
    .ARM.Collect$$libinit$$00000030          0x080001b4   Section        0  libinit2.o(.ARM.Collect$$libinit$$00000030)
    .ARM.Collect$$libinit$$00000032          0x080001b4   Section        0  libinit2.o(.ARM.Collect$$libinit$$00000032)
    .ARM.Collect$$libinit$$00000033          0x080001b4   Section        2  libinit2.o(.ARM.Collect$$libinit$$00000033)
    .ARM.Collect$$libshutdown$$00000000      0x080001b6   Section        2  libshutdown.o(.ARM.Collect$$libshutdown$$00000000)
    .ARM.Collect$$libshutdown$$00000003      0x080001b8   Section        0  libshutdown2.o(.ARM.Collect$$libshutdown$$00000003)
    .ARM.Collect$$libshutdown$$00000006      0x080001b8   Section        0  libshutdown2.o(.ARM.Collect$$libshutdown$$00000006)
    .ARM.Collect$$libshutdown$$00000009      0x080001b8   Section        0  libshutdown2.o(.ARM.Collect$$libshutdown$$00000009)
    .ARM.Collect$$libshutdown$$0000000B      0x080001b8   Section        0  libshutdown2.o(.ARM.Collect$$libshutdown$$0000000B)
    .ARM.Collect$$libshutdown$$0000000E      0x080001b8   Section        0  libshutdown2.o(.ARM.Collect$$libshutdown$$0000000E)
    .ARM.Collect$$libshutdown$$0000000F      0x080001b8   Section        2  libshutdown2.o(.ARM.Collect$$libshutdown$$0000000F)
    .ARM.Collect$$rtentry$$00000000          0x080001ba   Section        0  __rtentry.o(.ARM.Collect$$rtentry$$00000000)
    .ARM.Collect$$rtentry$$00000002          0x080001ba   Section        0  __rtentry2.o(.ARM.Collect$$rtentry$$00000002)
    .ARM.Collect$$rtentry$$00000004          0x080001ba   Section        6  __rtentry4.o(.ARM.Collect$$rtentry$$00000004)
    .ARM.Collect$$rtentry$$00000009          0x080001c0   Section        0  __rtentry2.o(.ARM.Collect$$rtentry$$00000009)
    .ARM.Collect$$rtentry$$0000000A          0x080001c0   Section        4  __rtentry2.o(.ARM.Collect$$rtentry$$0000000A)
    .ARM.Collect$$rtentry$$0000000C          0x080001c4   Section        0  __rtentry2.o(.ARM.Collect$$rtentry$$0000000C)
    .ARM.Collect$$rtentry$$0000000D          0x080001c4   Section        8  __rtentry2.o(.ARM.Collect$$rtentry$$0000000D)
    .ARM.Collect$$rtexit$$00000000           0x080001cc   Section        2  rtexit.o(.ARM.Collect$$rtexit$$00000000)
    .ARM.Collect$$rtexit$$00000002           0x080001ce   Section        0  rtexit2.o(.ARM.Collect$$rtexit$$00000002)
    .ARM.Collect$$rtexit$$00000003           0x080001ce   Section        4  rtexit2.o(.ARM.Collect$$rtexit$$00000003)
    .ARM.Collect$$rtexit$$00000004           0x080001d2   Section        6  rtexit2.o(.ARM.Collect$$rtexit$$00000004)
    .emb_text                                0x080001d8   Section       52  rand.o(.emb_text)
    .text                                    0x0800020c   Section       64  startup_stm32f10x_hd.o(.text)
    .text                                    0x0800024c   Section        2  use_no_semi_2.o(.text)
    .text                                    0x08000250   Section        0  noretval__2printf.o(.text)
    .text                                    0x08000268   Section        0  __printf.o(.text)
    .text                                    0x080002d0   Section        0  _printf_hex_int.o(.text)
    .text                                    0x08000328   Section        0  rand.o(.text)
    .text                                    0x08000364   Section       78  rt_memclr_w.o(.text)
    .text                                    0x080003b2   Section        0  heapauxi.o(.text)
    .text                                    0x080003b8   Section        2  use_no_semi.o(.text)
    .text                                    0x080003ba   Section        0  _printf_intcommon.o(.text)
    .text                                    0x0800046c   Section        0  _printf_char_file.o(.text)
    .text                                    0x08000490   Section        0  _printf_char_common.o(.text)
    _printf_input_char                       0x08000491   Thumb Code    10  _printf_char_common.o(.text)
    .text                                    0x080004c0   Section        0  ferror.o(.text)
    .text                                    0x080004c8   Section       74  sys_stackheap_outer.o(.text)
    .text                                    0x08000512   Section        0  exit.o(.text)
    .text                                    0x08000520   Section        8  libspace.o(.text)
    i.ADC_Cmd                                0x08000528   Section        0  stm32f10x_adc.o(i.ADC_Cmd)
    i.ADC_DeInit                             0x08000540   Section        0  stm32f10x_adc.o(i.ADC_DeInit)
    i.ADC_GetCalibrationStatus               0x0800059c   Section        0  stm32f10x_adc.o(i.ADC_GetCalibrationStatus)
    i.ADC_GetConversionValue                 0x080005b0   Section        0  stm32f10x_adc.o(i.ADC_GetConversionValue)
    i.ADC_GetFlagStatus                      0x080005b8   Section        0  stm32f10x_adc.o(i.ADC_GetFlagStatus)
    i.ADC_GetResetCalibrationStatus          0x080005ca   Section        0  stm32f10x_adc.o(i.ADC_GetResetCalibrationStatus)
    i.ADC_Init                               0x080005e0   Section        0  stm32f10x_adc.o(i.ADC_Init)
    i.ADC_RegularChannelConfig               0x08000630   Section        0  stm32f10x_adc.o(i.ADC_RegularChannelConfig)
    i.ADC_ResetCalibration                   0x080006e8   Section        0  stm32f10x_adc.o(i.ADC_ResetCalibration)
    i.ADC_SoftwareStartConvCmd               0x080006f2   Section        0  stm32f10x_adc.o(i.ADC_SoftwareStartConvCmd)
    i.ADC_StartCalibration                   0x08000708   Section        0  stm32f10x_adc.o(i.ADC_StartCalibration)
    i.Adc_Init                               0x08000714   Section        0  adc.o(i.Adc_Init)
    i.CanGameOver                            0x080007a0   Section        0  main.o(i.CanGameOver)
    i.CanLongChange                          0x080007c4   Section        0  main.o(i.CanLongChange)
    i.CanSqureChangeShape                    0x08000848   Section        0  main.o(i.CanSqureChangeShape)
    i.CanSqureDown                           0x080008b4   Section        0  main.o(i.CanSqureDown)
    i.CanSqureDown2                          0x080008d8   Section        0  main.o(i.CanSqureDown2)
    i.CanSqureLeft                           0x08000920   Section        0  main.o(i.CanSqureLeft)
    i.CanSqureRight                          0x08000984   Section        0  main.o(i.CanSqureRight)
    i.Change1To2                             0x080009ec   Section        0  main.o(i.Change1To2)
    i.ChangeSqure                            0x08000a34   Section        0  main.o(i.ChangeSqure)
    i.ChangeSqureLong                        0x08000a80   Section        0  main.o(i.ChangeSqureLong)
    i.ChangeSqureNormal                      0x08000d1c   Section        0  main.o(i.ChangeSqureNormal)
    i.CopySqareToBack                        0x08000db8   Section        0  main.o(i.CopySqareToBack)
    i.CreateRandomSqare                      0x08000df8   Section        0  main.o(i.CreateRandomSqare)
    i.DestoryOneLine                         0x08000f6c   Section        0  main.o(i.DestoryOneLine)
    i.DrawBlock                              0x08001000   Section        0  main.o(i.DrawBlock)
    i.DrawBorderLine                         0x08001050   Section        0  main.o(i.DrawBorderLine)
    i.DrawNextBlock                          0x080010e4   Section        0  main.o(i.DrawNextBlock)
    i.GPIO_Init                              0x08001138   Section        0  stm32f10x_gpio.o(i.GPIO_Init)
    i.GPIO_PinRemapConfig                    0x08001250   Section        0  stm32f10x_gpio.o(i.GPIO_PinRemapConfig)
    i.GPIO_SetBits                           0x080012e0   Section        0  stm32f10x_gpio.o(i.GPIO_SetBits)
    i.Get_Adc                                0x080012e4   Section        0  adc.o(i.Get_Adc)
    i.Get_Adc_Average                        0x08001318   Section        0  adc.o(i.Get_Adc_Average)
    i.LCD_Clear                              0x08001348   Section        0  lcd.o(i.LCD_Clear)
    i.LCD_Display_Dir                        0x080013d0   Section        0  lcd.o(i.LCD_Display_Dir)
    i.LCD_DrawLine                           0x08001590   Section        0  lcd.o(i.LCD_DrawLine)
    i.LCD_DrawPoint                          0x08001640   Section        0  lcd.o(i.LCD_DrawPoint)
    i.LCD_DrawRectangle                      0x08001680   Section        0  lcd.o(i.LCD_DrawRectangle)
    i.LCD_Fast_DrawPoint                     0x080016bc   Section        0  lcd.o(i.LCD_Fast_DrawPoint)
    i.LCD_Fill                               0x08001a20   Section        0  lcd.o(i.LCD_Fill)
    i.LCD_Init                               0x08001af4   Section        0  lcd.o(i.LCD_Init)
    i.LCD_Pow                                0x080056b0   Section        0  lcd.o(i.LCD_Pow)
    i.LCD_RD_DATA                            0x080056c8   Section        0  lcd.o(i.LCD_RD_DATA)
    i.LCD_ReadReg                            0x08005738   Section        0  lcd.o(i.LCD_ReadReg)
    i.LCD_SSD_BackLightSet                   0x08005748   Section        0  lcd.o(i.LCD_SSD_BackLightSet)
    i.LCD_Scan_Dir                           0x0800581c   Section        0  lcd.o(i.LCD_Scan_Dir)
    i.LCD_SetCursor                          0x08005c74   Section        0  lcd.o(i.LCD_SetCursor)
    i.LCD_ShowChar                           0x08006030   Section        0  lcd.o(i.LCD_ShowChar)
    i.LCD_ShowString                         0x08006158   Section        0  lcd.o(i.LCD_ShowString)
    i.LCD_ShowxNum                           0x080061be   Section        0  lcd.o(i.LCD_ShowxNum)
    i.LCD_WR_DATAX                           0x0800627c   Section        0  lcd.o(i.LCD_WR_DATAX)
    i.LCD_WR_REG                             0x080062a0   Section        0  lcd.o(i.LCD_WR_REG)
    i.LCD_WriteRAM_Prepare                   0x080062c4   Section        0  lcd.o(i.LCD_WriteRAM_Prepare)
    i.LCD_WriteReg                           0x080062d4   Section        0  lcd.o(i.LCD_WriteReg)
    i.LED_Init                               0x08006304   Section        0  led.o(i.LED_Init)
    i.NVIC_Init                              0x08006354   Section        0  misc.o(i.NVIC_Init)
    i.RCC_ADCCLKConfig                       0x080063c4   Section        0  stm32f10x_rcc.o(i.RCC_ADCCLKConfig)
    i.RCC_APB1PeriphClockCmd                 0x080063dc   Section        0  stm32f10x_rcc.o(i.RCC_APB1PeriphClockCmd)
    i.RCC_APB2PeriphClockCmd                 0x080063fc   Section        0  stm32f10x_rcc.o(i.RCC_APB2PeriphClockCmd)
    i.RCC_APB2PeriphResetCmd                 0x0800641c   Section        0  stm32f10x_rcc.o(i.RCC_APB2PeriphResetCmd)
    i.RCC_GetClocksFreq                      0x0800643c   Section        0  stm32f10x_rcc.o(i.RCC_GetClocksFreq)
    i.RePaint                                0x08006510   Section        0  main.o(i.RePaint)
    i.Remote_Init                            0x0800652c   Section        0  remote.o(i.Remote_Init)
    i.Remote_Scan                            0x080065e4   Section        0  remote.o(i.Remote_Scan)
    i.SetSysClock                            0x0800665c   Section        0  system_stm32f10x.o(i.SetSysClock)
    SetSysClock                              0x0800665d   Thumb Code     8  system_stm32f10x.o(i.SetSysClock)
    i.SetSysClockTo72                        0x08006664   Section        0  system_stm32f10x.o(i.SetSysClockTo72)
    SetSysClockTo72                          0x08006665   Thumb Code   214  system_stm32f10x.o(i.SetSysClockTo72)
    i.SqureDown                              0x08006744   Section        0  main.o(i.SqureDown)
    i.SqureLeft                              0x080067a0   Section        0  main.o(i.SqureLeft)
    i.SqureRight                             0x08006800   Section        0  main.o(i.SqureRight)
    i.StartScene                             0x08006860   Section        0  main.o(i.StartScene)
    i.SysTick_CLKSourceConfig                0x080068f8   Section        0  misc.o(i.SysTick_CLKSourceConfig)
    i.SystemInit                             0x08006920   Section        0  system_stm32f10x.o(i.SystemInit)
    i.TI1_Config                             0x08006980   Section        0  stm32f10x_tim.o(i.TI1_Config)
    TI1_Config                               0x08006981   Thumb Code   108  stm32f10x_tim.o(i.TI1_Config)
    i.TI2_Config                             0x08006a00   Section        0  stm32f10x_tim.o(i.TI2_Config)
    TI2_Config                               0x08006a01   Thumb Code   130  stm32f10x_tim.o(i.TI2_Config)
    i.TI3_Config                             0x08006a98   Section        0  stm32f10x_tim.o(i.TI3_Config)
    TI3_Config                               0x08006a99   Thumb Code   122  stm32f10x_tim.o(i.TI3_Config)
    i.TI4_Config                             0x08006b28   Section        0  stm32f10x_tim.o(i.TI4_Config)
    TI4_Config                               0x08006b29   Thumb Code   130  stm32f10x_tim.o(i.TI4_Config)
    i.TIM5_IRQHandler                        0x08006bc0   Section        0  remote.o(i.TIM5_IRQHandler)
    i.TIM_ClearFlag                          0x08006d58   Section        0  stm32f10x_tim.o(i.TIM_ClearFlag)
    i.TIM_Cmd                                0x08006d5e   Section        0  stm32f10x_tim.o(i.TIM_Cmd)
    i.TIM_GetCapture2                        0x08006d76   Section        0  stm32f10x_tim.o(i.TIM_GetCapture2)
    i.TIM_GetITStatus                        0x08006d7c   Section        0  stm32f10x_tim.o(i.TIM_GetITStatus)
    i.TIM_ICInit                             0x08006da0   Section        0  stm32f10x_tim.o(i.TIM_ICInit)
    i.TIM_ITConfig                           0x08006e4c   Section        0  stm32f10x_tim.o(i.TIM_ITConfig)
    i.TIM_OC2PolarityConfig                  0x08006e5e   Section        0  stm32f10x_tim.o(i.TIM_OC2PolarityConfig)
    i.TIM_SetCounter                         0x08006e78   Section        0  stm32f10x_tim.o(i.TIM_SetCounter)
    i.TIM_SetIC1Prescaler                    0x08006e7c   Section        0  stm32f10x_tim.o(i.TIM_SetIC1Prescaler)
    i.TIM_SetIC2Prescaler                    0x08006e8e   Section        0  stm32f10x_tim.o(i.TIM_SetIC2Prescaler)
    i.TIM_SetIC3Prescaler                    0x08006ea8   Section        0  stm32f10x_tim.o(i.TIM_SetIC3Prescaler)
    i.TIM_SetIC4Prescaler                    0x08006eba   Section        0  stm32f10x_tim.o(i.TIM_SetIC4Prescaler)
    i.TIM_TimeBaseInit                       0x08006ed4   Section        0  stm32f10x_tim.o(i.TIM_TimeBaseInit)
    i.USART1_IRQHandler                      0x08006f78   Section        0  usart.o(i.USART1_IRQHandler)
    i.USART_Cmd                              0x08007000   Section        0  stm32f10x_usart.o(i.USART_Cmd)
    i.USART_GetITStatus                      0x08007018   Section        0  stm32f10x_usart.o(i.USART_GetITStatus)
    i.USART_ITConfig                         0x0800706c   Section        0  stm32f10x_usart.o(i.USART_ITConfig)
    i.USART_Init                             0x080070b8   Section        0  stm32f10x_usart.o(i.USART_Init)
    i.USART_ReceiveData                      0x08007190   Section        0  stm32f10x_usart.o(i.USART_ReceiveData)
    i._sys_exit                              0x0800719a   Section        0  usart.o(i._sys_exit)
    i.addRankList                            0x080071a0   Section        0  main.o(i.addRankList)
    i.broad_Init                             0x080071d0   Section        0  main.o(i.broad_Init)
    i.copyNextToNow                          0x08007210   Section        0  main.o(i.copyNextToNow)
    i.delay_init                             0x08007278   Section        0  delay.o(i.delay_init)
    i.delay_ms                               0x080072bc   Section        0  delay.o(i.delay_ms)
    i.delay_us                               0x08007308   Section        0  delay.o(i.delay_us)
    i.drawYouDead                            0x08007354   Section        0  main.o(i.drawYouDead)
    i.draw_blocks                            0x08007380   Section        0  main.o(i.draw_blocks)
    i.draw_death_blocks                      0x080073dc   Section        0  main.o(i.draw_death_blocks)
    i.draw_next_blocks                       0x0800743c   Section        0  main.o(i.draw_next_blocks)
    i.fputc                                  0x08007484   Section        0  usart.o(i.fputc)
    i.main                                   0x080074a0   Section        0  main.o(i.main)
    i.shiftRank                              0x08007660   Section        0  main.o(i.shiftRank)
    i.showRankScene                          0x08007680   Section        0  main.o(i.showRankScene)
    i.showThisScore                          0x080076ac   Section        0  main.o(i.showThisScore)
    i.showTitle                              0x080076f8   Section        0  main.o(i.showTitle)
    i.startGame                              0x08007734   Section        0  main.o(i.startGame)
    i.uart_init                              0x08007774   Section        0  usart.o(i.uart_init)
    x$fpl$dfixu                              0x08007814   Section       90  dfixu.o(x$fpl$dfixu)
    x$fpl$dfltu                              0x0800786e   Section       38  dflt_clz.o(x$fpl$dfltu)
    x$fpl$dmul                               0x08007894   Section      340  dmul.o(x$fpl$dmul)
    x$fpl$dnaninf                            0x080079e8   Section      156  dnaninf.o(x$fpl$dnaninf)
    x$fpl$dretinf                            0x08007a84   Section       12  dretinf.o(x$fpl$dretinf)
    .constdata                               0x08007a90   Section     6080  lcd.o(.constdata)
    x$fpl$usenofp                            0x08007a90   Section        0  usenofp.o(x$fpl$usenofp)
    .constdata                               0x08009250   Section       40  _printf_hex_int.o(.constdata)
    uc_hextab                                0x08009250   Data          20  _printf_hex_int.o(.constdata)
    lc_hextab                                0x08009264   Data          20  _printf_hex_int.o(.constdata)
    .data                                    0x20000000   Section       76  main.o(.data)
    .data                                    0x2000004c   Section        4  lcd.o(.data)
    .data                                    0x20000050   Section        9  remote.o(.data)
    .data                                    0x2000005a   Section        4  delay.o(.data)
    fac_us                                   0x2000005a   Data           1  delay.o(.data)
    fac_ms                                   0x2000005c   Data           2  delay.o(.data)
    .data                                    0x20000060   Section        6  usart.o(.data)
    .data                                    0x20000066   Section       20  stm32f10x_rcc.o(.data)
    APBAHBPrescTable                         0x20000066   Data          16  stm32f10x_rcc.o(.data)
    ADCPrescTable                            0x20000076   Data           4  stm32f10x_rcc.o(.data)
    .data                                    0x2000007c   Section       20  system_stm32f10x.o(.data)
    .bss                                     0x20000090   Section      884  main.o(.bss)
    .bss                                     0x20000404   Section       14  lcd.o(.bss)
    .bss                                     0x20000412   Section      200  usart.o(.bss)
    .bss                                     0x200004dc   Section      228  rand.o(.bss)
    .bss                                     0x200005c0   Section       96  libspace.o(.bss)
    HEAP                                     0x20000620   Section      512  startup_stm32f10x_hd.o(HEAP)
    Heap_Mem                                 0x20000620   Data         512  startup_stm32f10x_hd.o(HEAP)
    STACK                                    0x20000820   Section     1024  startup_stm32f10x_hd.o(STACK)
    Stack_Mem                                0x20000820   Data        1024  startup_stm32f10x_hd.o(STACK)
    __initial_sp                             0x20000c20   Data           0  startup_stm32f10x_hd.o(STACK)

    Global Symbols

    Symbol Name                              Value     Ov Type        Size  Object(Section)

    BuildAttributes$$THM_ISAv4$P$D$K$B$S$PE$A:L22UL41UL21$X:L11$S22US41US21$IEEE1$IW$USESV6$~STKCKD$USESV7$~SHL$OSPACE$ROPI$EBA8$UX$STANDARDLIB$REQ8$PRES8$EABIv2 0x00000000   Number         0  anon$$obj.o ABSOLUTE
    __ARM_use_no_argv                        0x00000000   Number         0  main.o ABSOLUTE
    __ARM_exceptions_init                     - Undefined Weak Reference
    __alloca_initialize                       - Undefined Weak Reference
    __arm_preinit_                            - Undefined Weak Reference
    __cpp_initialize__aeabi_                  - Undefined Weak Reference
    __cxa_finalize                            - Undefined Weak Reference
    __rt_locale                               - Undefined Weak Reference
    __sigvec_lookup                           - Undefined Weak Reference
    _atexit_init                              - Undefined Weak Reference
    _call_atexit_fns                          - Undefined Weak Reference
    _clock_init                               - Undefined Weak Reference
    _fp_trap_init                             - Undefined Weak Reference
    _fp_trap_shutdown                         - Undefined Weak Reference
    _get_lc_collate                           - Undefined Weak Reference
    _get_lc_ctype                             - Undefined Weak Reference
    _get_lc_monetary                          - Undefined Weak Reference
    _get_lc_numeric                           - Undefined Weak Reference
    _get_lc_time                              - Undefined Weak Reference
    _getenv_init                              - Undefined Weak Reference
    _handle_redirection                       - Undefined Weak Reference
    _init_alloc                               - Undefined Weak Reference
    _init_user_alloc                          - Undefined Weak Reference
    _initio                                   - Undefined Weak Reference
    _mutex_acquire                            - Undefined Weak Reference
    _mutex_release                            - Undefined Weak Reference
    _printf_post_padding                      - Undefined Weak Reference
    _printf_pre_padding                       - Undefined Weak Reference
    _printf_truncate_unsigned                 - Undefined Weak Reference
    _signal_finish                            - Undefined Weak Reference
    _signal_init                              - Undefined Weak Reference
    _terminate_alloc                          - Undefined Weak Reference
    _terminate_user_alloc                     - Undefined Weak Reference
    _terminateio                              - Undefined Weak Reference
    __Vectors_Size                           0x00000130   Number         0  startup_stm32f10x_hd.o ABSOLUTE
    __Vectors                                0x08000000   Data           4  startup_stm32f10x_hd.o(RESET)
    __Vectors_End                            0x08000130   Data           0  startup_stm32f10x_hd.o(RESET)
    __main                                   0x08000131   Thumb Code     8  __main.o(!!!main)
    __scatterload                            0x08000139   Thumb Code     0  __scatter.o(!!!scatter)
    __scatterload_rt2                        0x08000139   Thumb Code    44  __scatter.o(!!!scatter)
    __scatterload_rt2_thumb_only             0x08000139   Thumb Code     0  __scatter.o(!!!scatter)
    __scatterload_null                       0x08000147   Thumb Code     0  __scatter.o(!!!scatter)
    __scatterload_copy                       0x0800016d   Thumb Code    26  __scatter_copy.o(!!handler_copy)
    __scatterload_zeroinit                   0x08000189   Thumb Code    28  __scatter_zi.o(!!handler_zi)
    _printf_percent                          0x080001a5   Thumb Code     0  _printf_percent.o(.ARM.Collect$$_printf_percent$$00000000)
    _printf_x                                0x080001a5   Thumb Code     0  _printf_x.o(.ARM.Collect$$_printf_percent$$0000000C)
    _printf_percent_end                      0x080001ab   Thumb Code     0  _printf_percent_end.o(.ARM.Collect$$_printf_percent$$00000017)
    __rt_lib_init                            0x080001af   Thumb Code     0  libinit.o(.ARM.Collect$$libinit$$00000000)
    __rt_lib_init_fp_1                       0x080001b1   Thumb Code     0  libinit2.o(.ARM.Collect$$libinit$$00000002)
    __rt_lib_init_heap_1                     0x080001b1   Thumb Code     0  libinit2.o(.ARM.Collect$$libinit$$0000000A)
    __rt_lib_init_preinit_1                  0x080001b1   Thumb Code     0  libinit2.o(.ARM.Collect$$libinit$$00000004)
    __rt_lib_init_rand_2                     0x080001b1   Thumb Code     0  libinit2.o(.ARM.Collect$$libinit$$0000000D)
    __rt_lib_init_user_alloc_1               0x080001b1   Thumb Code     0  libinit2.o(.ARM.Collect$$libinit$$0000000C)
    __rt_lib_init_alloca_1                   0x080001b5   Thumb Code     0  libinit2.o(.ARM.Collect$$libinit$$0000002E)
    __rt_lib_init_argv_1                     0x080001b5   Thumb Code     0  libinit2.o(.ARM.Collect$$libinit$$0000002C)
    __rt_lib_init_atexit_1                   0x080001b5   Thumb Code     0  libinit2.o(.ARM.Collect$$libinit$$0000001B)
    __rt_lib_init_clock_1                    0x080001b5   Thumb Code     0  libinit2.o(.ARM.Collect$$libinit$$00000021)
    __rt_lib_init_cpp_1                      0x080001b5   Thumb Code     0  libinit2.o(.ARM.Collect$$libinit$$00000032)
    __rt_lib_init_exceptions_1               0x080001b5   Thumb Code     0  libinit2.o(.ARM.Collect$$libinit$$00000030)
    __rt_lib_init_fp_trap_1                  0x080001b5   Thumb Code     0  libinit2.o(.ARM.Collect$$libinit$$0000001F)
    __rt_lib_init_getenv_1                   0x080001b5   Thumb Code     0  libinit2.o(.ARM.Collect$$libinit$$00000023)
    __rt_lib_init_lc_collate_1               0x080001b5   Thumb Code     0  libinit2.o(.ARM.Collect$$libinit$$00000011)
    __rt_lib_init_lc_ctype_1                 0x080001b5   Thumb Code     0  libinit2.o(.ARM.Collect$$libinit$$00000013)
    __rt_lib_init_lc_monetary_1              0x080001b5   Thumb Code     0  libinit2.o(.ARM.Collect$$libinit$$00000015)
    __rt_lib_init_lc_numeric_1               0x080001b5   Thumb Code     0  libinit2.o(.ARM.Collect$$libinit$$00000017)
    __rt_lib_init_lc_time_1                  0x080001b5   Thumb Code     0  libinit2.o(.ARM.Collect$$libinit$$00000019)
    __rt_lib_init_rand_1                     0x080001b5   Thumb Code     0  libinit2.o(.ARM.Collect$$libinit$$0000000E)
    __rt_lib_init_return                     0x080001b5   Thumb Code     0  libinit2.o(.ARM.Collect$$libinit$$00000033)
    __rt_lib_init_signal_1                   0x080001b5   Thumb Code     0  libinit2.o(.ARM.Collect$$libinit$$0000001D)
    __rt_lib_init_stdio_1                    0x080001b5   Thumb Code     0  libinit2.o(.ARM.Collect$$libinit$$00000025)
    __rt_lib_shutdown                        0x080001b7   Thumb Code     0  libshutdown.o(.ARM.Collect$$libshutdown$$00000000)
    __rt_lib_shutdown_fp_trap_1              0x080001b9   Thumb Code     0  libshutdown2.o(.ARM.Collect$$libshutdown$$00000006)
    __rt_lib_shutdown_heap_1                 0x080001b9   Thumb Code     0  libshutdown2.o(.ARM.Collect$$libshutdown$$0000000E)
    __rt_lib_shutdown_return                 0x080001b9   Thumb Code     0  libshutdown2.o(.ARM.Collect$$libshutdown$$0000000F)
    __rt_lib_shutdown_signal_1               0x080001b9   Thumb Code     0  libshutdown2.o(.ARM.Collect$$libshutdown$$00000009)
    __rt_lib_shutdown_stdio_1                0x080001b9   Thumb Code     0  libshutdown2.o(.ARM.Collect$$libshutdown$$00000003)
    __rt_lib_shutdown_user_alloc_1           0x080001b9   Thumb Code     0  libshutdown2.o(.ARM.Collect$$libshutdown$$0000000B)
    __rt_entry                               0x080001bb   Thumb Code     0  __rtentry.o(.ARM.Collect$$rtentry$$00000000)
    __rt_entry_presh_1                       0x080001bb   Thumb Code     0  __rtentry2.o(.ARM.Collect$$rtentry$$00000002)
    __rt_entry_sh                            0x080001bb   Thumb Code     0  __rtentry4.o(.ARM.Collect$$rtentry$$00000004)
    __rt_entry_li                            0x080001c1   Thumb Code     0  __rtentry2.o(.ARM.Collect$$rtentry$$0000000A)
    __rt_entry_postsh_1                      0x080001c1   Thumb Code     0  __rtentry2.o(.ARM.Collect$$rtentry$$00000009)
    __rt_entry_main                          0x080001c5   Thumb Code     0  __rtentry2.o(.ARM.Collect$$rtentry$$0000000D)
    __rt_entry_postli_1                      0x080001c5   Thumb Code     0  __rtentry2.o(.ARM.Collect$$rtentry$$0000000C)
    __rt_exit                                0x080001cd   Thumb Code     0  rtexit.o(.ARM.Collect$$rtexit$$00000000)
    __rt_exit_ls                             0x080001cf   Thumb Code     0  rtexit2.o(.ARM.Collect$$rtexit$$00000003)
    __rt_exit_prels_1                        0x080001cf   Thumb Code     0  rtexit2.o(.ARM.Collect$$rtexit$$00000002)
    __rt_exit_exit                           0x080001d3   Thumb Code     0  rtexit2.o(.ARM.Collect$$rtexit$$00000004)
    rand                                     0x080001d9   Thumb Code    48  rand.o(.emb_text)
    Reset_Handler                            0x0800020d   Thumb Code     8  startup_stm32f10x_hd.o(.text)
    NMI_Handler                              0x08000215   Thumb Code     2  startup_stm32f10x_hd.o(.text)
    HardFault_Handler                        0x08000217   Thumb Code     2  startup_stm32f10x_hd.o(.text)
    MemManage_Handler                        0x08000219   Thumb Code     2  startup_stm32f10x_hd.o(.text)
    BusFault_Handler                         0x0800021b   Thumb Code     2  startup_stm32f10x_hd.o(.text)
    UsageFault_Handler                       0x0800021d   Thumb Code     2  startup_stm32f10x_hd.o(.text)
    SVC_Handler                              0x0800021f   Thumb Code     2  startup_stm32f10x_hd.o(.text)
    DebugMon_Handler                         0x08000221   Thumb Code     2  startup_stm32f10x_hd.o(.text)
    PendSV_Handler                           0x08000223   Thumb Code     2  startup_stm32f10x_hd.o(.text)
    SysTick_Handler                          0x08000225   Thumb Code     2  startup_stm32f10x_hd.o(.text)
    ADC1_2_IRQHandler                        0x08000227   Thumb Code     0  startup_stm32f10x_hd.o(.text)
    ADC3_IRQHandler                          0x08000227   Thumb Code     0  startup_stm32f10x_hd.o(.text)
    CAN1_RX1_IRQHandler                      0x08000227   Thumb Code     0  startup_stm32f10x_hd.o(.text)
    CAN1_SCE_IRQHandler                      0x08000227   Thumb Code     0  startup_stm32f10x_hd.o(.text)
    DMA1_Channel1_IRQHandler                 0x08000227   Thumb Code     0  startup_stm32f10x_hd.o(.text)
    DMA1_Channel2_IRQHandler                 0x08000227   Thumb Code     0  startup_stm32f10x_hd.o(.text)
    DMA1_Channel3_IRQHandler                 0x08000227   Thumb Code     0  startup_stm32f10x_hd.o(.text)
    DMA1_Channel4_IRQHandler                 0x08000227   Thumb Code     0  startup_stm32f10x_hd.o(.text)
    DMA1_Channel5_IRQHandler                 0x08000227   Thumb Code     0  startup_stm32f10x_hd.o(.text)
    DMA1_Channel6_IRQHandler                 0x08000227   Thumb Code     0  startup_stm32f10x_hd.o(.text)
    DMA1_Channel7_IRQHandler                 0x08000227   Thumb Code     0  startup_stm32f10x_hd.o(.text)
    DMA2_Channel1_IRQHandler                 0x08000227   Thumb Code     0  startup_stm32f10x_hd.o(.text)
    DMA2_Channel2_IRQHandler                 0x08000227   Thumb Code     0  startup_stm32f10x_hd.o(.text)
    DMA2_Channel3_IRQHandler                 0x08000227   Thumb Code     0  startup_stm32f10x_hd.o(.text)
    DMA2_Channel4_5_IRQHandler               0x08000227   Thumb Code     0  startup_stm32f10x_hd.o(.text)
    EXTI0_IRQHandler                         0x08000227   Thumb Code     0  startup_stm32f10x_hd.o(.text)
    EXTI15_10_IRQHandler                     0x08000227   Thumb Code     0  startup_stm32f10x_hd.o(.text)
    EXTI1_IRQHandler                         0x08000227   Thumb Code     0  startup_stm32f10x_hd.o(.text)
    EXTI2_IRQHandler                         0x08000227   Thumb Code     0  startup_stm32f10x_hd.o(.text)
    EXTI3_IRQHandler                         0x08000227   Thumb Code     0  startup_stm32f10x_hd.o(.text)
    EXTI4_IRQHandler                         0x08000227   Thumb Code     0  startup_stm32f10x_hd.o(.text)
    EXTI9_5_IRQHandler                       0x08000227   Thumb Code     0  startup_stm32f10x_hd.o(.text)
    FLASH_IRQHandler                         0x08000227   Thumb Code     0  startup_stm32f10x_hd.o(.text)
    FSMC_IRQHandler                          0x08000227   Thumb Code     0  startup_stm32f10x_hd.o(.text)
    I2C1_ER_IRQHandler                       0x08000227   Thumb Code     0  startup_stm32f10x_hd.o(.text)
    I2C1_EV_IRQHandler                       0x08000227   Thumb Code     0  startup_stm32f10x_hd.o(.text)
    I2C2_ER_IRQHandler                       0x08000227   Thumb Code     0  startup_stm32f10x_hd.o(.text)
    I2C2_EV_IRQHandler                       0x08000227   Thumb Code     0  startup_stm32f10x_hd.o(.text)
    PVD_IRQHandler                           0x08000227   Thumb Code     0  startup_stm32f10x_hd.o(.text)
    RCC_IRQHandler                           0x08000227   Thumb Code     0  startup_stm32f10x_hd.o(.text)
    RTCAlarm_IRQHandler                      0x08000227   Thumb Code     0  startup_stm32f10x_hd.o(.text)
    RTC_IRQHandler                           0x08000227   Thumb Code     0  startup_stm32f10x_hd.o(.text)
    SDIO_IRQHandler                          0x08000227   Thumb Code     0  startup_stm32f10x_hd.o(.text)
    SPI1_IRQHandler                          0x08000227   Thumb Code     0  startup_stm32f10x_hd.o(.text)
    SPI2_IRQHandler                          0x08000227   Thumb Code     0  startup_stm32f10x_hd.o(.text)
    SPI3_IRQHandler                          0x08000227   Thumb Code     0  startup_stm32f10x_hd.o(.text)
    TAMPER_IRQHandler                        0x08000227   Thumb Code     0  startup_stm32f10x_hd.o(.text)
    TIM1_BRK_IRQHandler                      0x08000227   Thumb Code     0  startup_stm32f10x_hd.o(.text)
    TIM1_CC_IRQHandler                       0x08000227   Thumb Code     0  startup_stm32f10x_hd.o(.text)
    TIM1_TRG_COM_IRQHandler                  0x08000227   Thumb Code     0  startup_stm32f10x_hd.o(.text)
    TIM1_UP_IRQHandler                       0x08000227   Thumb Code     0  startup_stm32f10x_hd.o(.text)
    TIM2_IRQHandler                          0x08000227   Thumb Code     0  startup_stm32f10x_hd.o(.text)
    TIM3_IRQHandler                          0x08000227   Thumb Code     0  startup_stm32f10x_hd.o(.text)
    TIM4_IRQHandler                          0x08000227   Thumb Code     0  startup_stm32f10x_hd.o(.text)
    TIM6_IRQHandler                          0x08000227   Thumb Code     0  startup_stm32f10x_hd.o(.text)
    TIM7_IRQHandler                          0x08000227   Thumb Code     0  startup_stm32f10x_hd.o(.text)
    TIM8_BRK_IRQHandler                      0x08000227   Thumb Code     0  startup_stm32f10x_hd.o(.text)
    TIM8_CC_IRQHandler                       0x08000227   Thumb Code     0  startup_stm32f10x_hd.o(.text)
    TIM8_TRG_COM_IRQHandler                  0x08000227   Thumb Code     0  startup_stm32f10x_hd.o(.text)
    TIM8_UP_IRQHandler                       0x08000227   Thumb Code     0  startup_stm32f10x_hd.o(.text)
    UART4_IRQHandler                         0x08000227   Thumb Code     0  startup_stm32f10x_hd.o(.text)
    UART5_IRQHandler                         0x08000227   Thumb Code     0  startup_stm32f10x_hd.o(.text)
    USART2_IRQHandler                        0x08000227   Thumb Code     0  startup_stm32f10x_hd.o(.text)
    USART3_IRQHandler                        0x08000227   Thumb Code     0  startup_stm32f10x_hd.o(.text)
    USBWakeUp_IRQHandler                     0x08000227   Thumb Code     0  startup_stm32f10x_hd.o(.text)
    USB_HP_CAN1_TX_IRQHandler                0x08000227   Thumb Code     0  startup_stm32f10x_hd.o(.text)
    USB_LP_CAN1_RX0_IRQHandler               0x08000227   Thumb Code     0  startup_stm32f10x_hd.o(.text)
    WWDG_IRQHandler                          0x08000227   Thumb Code     0  startup_stm32f10x_hd.o(.text)
    __user_initial_stackheap                 0x08000229   Thumb Code     0  startup_stm32f10x_hd.o(.text)
    __use_no_semihosting                     0x0800024d   Thumb Code     2  use_no_semi_2.o(.text)
    __2printf                                0x08000251   Thumb Code    20  noretval__2printf.o(.text)
    __printf                                 0x08000269   Thumb Code   104  __printf.o(.text)
    _printf_int_hex                          0x080002d1   Thumb Code    84  _printf_hex_int.o(.text)
    _printf_longlong_hex                     0x080002d1   Thumb Code     0  _printf_hex_int.o(.text)
    srand                                    0x08000329   Thumb Code    42  rand.o(.text)
    _rand_init                               0x08000353   Thumb Code     4  rand.o(.text)
    __aeabi_memclr4                          0x08000365   Thumb Code     0  rt_memclr_w.o(.text)
    __aeabi_memclr8                          0x08000365   Thumb Code     0  rt_memclr_w.o(.text)
    __rt_memclr_w                            0x08000365   Thumb Code    78  rt_memclr_w.o(.text)
    _memset_w                                0x08000369   Thumb Code     0  rt_memclr_w.o(.text)
    __use_two_region_memory                  0x080003b3   Thumb Code     2  heapauxi.o(.text)
    __rt_heap_escrow$2region                 0x080003b5   Thumb Code     2  heapauxi.o(.text)
    __rt_heap_expand$2region                 0x080003b7   Thumb Code     2  heapauxi.o(.text)
    __I$use$semihosting                      0x080003b9   Thumb Code     0  use_no_semi.o(.text)
    __use_no_semihosting_swi                 0x080003b9   Thumb Code     2  use_no_semi.o(.text)
    _printf_int_common                       0x080003bb   Thumb Code   178  _printf_intcommon.o(.text)
    _printf_char_file                        0x0800046d   Thumb Code    32  _printf_char_file.o(.text)
    _printf_char_common                      0x0800049b   Thumb Code    32  _printf_char_common.o(.text)
    ferror                                   0x080004c1   Thumb Code     8  ferror.o(.text)
    __user_setup_stackheap                   0x080004c9   Thumb Code    74  sys_stackheap_outer.o(.text)
    exit                                     0x08000513   Thumb Code    12  exit.o(.text)
    __user_libspace                          0x08000521   Thumb Code     8  libspace.o(.text)
    __user_perproc_libspace                  0x08000521   Thumb Code     0  libspace.o(.text)
    __user_perthread_libspace                0x08000521   Thumb Code     0  libspace.o(.text)
    ADC_Cmd                                  0x08000529   Thumb Code    22  stm32f10x_adc.o(i.ADC_Cmd)
    ADC_DeInit                               0x08000541   Thumb Code    78  stm32f10x_adc.o(i.ADC_DeInit)
    ADC_GetCalibrationStatus                 0x0800059d   Thumb Code    20  stm32f10x_adc.o(i.ADC_GetCalibrationStatus)
    ADC_GetConversionValue                   0x080005b1   Thumb Code     8  stm32f10x_adc.o(i.ADC_GetConversionValue)
    ADC_GetFlagStatus                        0x080005b9   Thumb Code    18  stm32f10x_adc.o(i.ADC_GetFlagStatus)
    ADC_GetResetCalibrationStatus            0x080005cb   Thumb Code    20  stm32f10x_adc.o(i.ADC_GetResetCalibrationStatus)
    ADC_Init                                 0x080005e1   Thumb Code    70  stm32f10x_adc.o(i.ADC_Init)
    ADC_RegularChannelConfig                 0x08000631   Thumb Code   184  stm32f10x_adc.o(i.ADC_RegularChannelConfig)
    ADC_ResetCalibration                     0x080006e9   Thumb Code    10  stm32f10x_adc.o(i.ADC_ResetCalibration)
    ADC_SoftwareStartConvCmd                 0x080006f3   Thumb Code    22  stm32f10x_adc.o(i.ADC_SoftwareStartConvCmd)
    ADC_StartCalibration                     0x08000709   Thumb Code    10  stm32f10x_adc.o(i.ADC_StartCalibration)
    Adc_Init                                 0x08000715   Thumb Code   132  adc.o(i.Adc_Init)
    CanGameOver                              0x080007a1   Thumb Code    30  main.o(i.CanGameOver)
    CanLongChange                            0x080007c5   Thumb Code   120  main.o(i.CanLongChange)
    CanSqureChangeShape                      0x08000849   Thumb Code    94  main.o(i.CanSqureChangeShape)
    CanSqureDown                             0x080008b5   Thumb Code    30  main.o(i.CanSqureDown)
    CanSqureDown2                            0x080008d9   Thumb Code    68  main.o(i.CanSqureDown2)
    CanSqureLeft                             0x08000921   Thumb Code    96  main.o(i.CanSqureLeft)
    CanSqureRight                            0x08000985   Thumb Code    98  main.o(i.CanSqureRight)
    Change1To2                               0x080009ed   Thumb Code    64  main.o(i.Change1To2)
    ChangeSqure                              0x08000a35   Thumb Code    72  main.o(i.ChangeSqure)
    ChangeSqureLong                          0x08000a81   Thumb Code   654  main.o(i.ChangeSqureLong)
    ChangeSqureNormal                        0x08000d1d   Thumb Code   144  main.o(i.ChangeSqureNormal)
    CopySqareToBack                          0x08000db9   Thumb Code    54  main.o(i.CopySqareToBack)
    CreateRandomSqare                        0x08000df9   Thumb Code   354  main.o(i.CreateRandomSqare)
    DestoryOneLine                           0x08000f6d   Thumb Code   134  main.o(i.DestoryOneLine)
    DrawBlock                                0x08001001   Thumb Code    76  main.o(i.DrawBlock)
    DrawBorderLine                           0x08001051   Thumb Code   120  main.o(i.DrawBorderLine)
    DrawNextBlock                            0x080010e5   Thumb Code    78  main.o(i.DrawNextBlock)
    GPIO_Init                                0x08001139   Thumb Code   278  stm32f10x_gpio.o(i.GPIO_Init)
    GPIO_PinRemapConfig                      0x08001251   Thumb Code   138  stm32f10x_gpio.o(i.GPIO_PinRemapConfig)
    GPIO_SetBits                             0x080012e1   Thumb Code     4  stm32f10x_gpio.o(i.GPIO_SetBits)
    Get_Adc                                  0x080012e5   Thumb Code    46  adc.o(i.Get_Adc)
    Get_Adc_Average                          0x08001319   Thumb Code    46  adc.o(i.Get_Adc_Average)
    LCD_Clear                                0x08001349   Thumb Code   122  lcd.o(i.LCD_Clear)
    LCD_Display_Dir                          0x080013d1   Thumb Code   444  lcd.o(i.LCD_Display_Dir)
    LCD_DrawLine                             0x08001591   Thumb Code   176  lcd.o(i.LCD_DrawLine)
    LCD_DrawPoint                            0x08001641   Thumb Code    52  lcd.o(i.LCD_DrawPoint)
    LCD_DrawRectangle                        0x08001681   Thumb Code    60  lcd.o(i.LCD_DrawRectangle)
    LCD_Fast_DrawPoint                       0x080016bd   Thumb Code   854  lcd.o(i.LCD_Fast_DrawPoint)
    LCD_Fill                                 0x08001a21   Thumb Code   200  lcd.o(i.LCD_Fill)
    LCD_Init                                 0x08001af5   Thumb Code 15292  lcd.o(i.LCD_Init)
    LCD_Pow                                  0x080056b1   Thumb Code    22  lcd.o(i.LCD_Pow)
    LCD_RD_DATA                              0x080056c9   Thumb Code    98  lcd.o(i.LCD_RD_DATA)
    LCD_ReadReg                              0x08005739   Thumb Code    16  lcd.o(i.LCD_ReadReg)
    LCD_SSD_BackLightSet                     0x08005749   Thumb Code   198  lcd.o(i.LCD_SSD_BackLightSet)
    LCD_Scan_Dir                             0x0800581d   Thumb Code  1112  lcd.o(i.LCD_Scan_Dir)
    LCD_SetCursor                            0x08005c75   Thumb Code   944  lcd.o(i.LCD_SetCursor)
    LCD_ShowChar                             0x08006031   Thumb Code   272  lcd.o(i.LCD_ShowChar)
    LCD_ShowString                           0x08006159   Thumb Code   102  lcd.o(i.LCD_ShowString)
    LCD_ShowxNum                             0x080061bf   Thumb Code   190  lcd.o(i.LCD_ShowxNum)
    LCD_WR_DATAX                             0x0800627d   Thumb Code    28  lcd.o(i.LCD_WR_DATAX)
    LCD_WR_REG                               0x080062a1   Thumb Code    28  lcd.o(i.LCD_WR_REG)
    LCD_WriteRAM_Prepare                     0x080062c5   Thumb Code    12  lcd.o(i.LCD_WriteRAM_Prepare)
    LCD_WriteReg                             0x080062d5   Thumb Code    40  lcd.o(i.LCD_WriteReg)
    LED_Init                                 0x08006305   Thumb Code    72  led.o(i.LED_Init)
    NVIC_Init                                0x08006355   Thumb Code   100  misc.o(i.NVIC_Init)
    RCC_ADCCLKConfig                         0x080063c5   Thumb Code    18  stm32f10x_rcc.o(i.RCC_ADCCLKConfig)
    RCC_APB1PeriphClockCmd                   0x080063dd   Thumb Code    26  stm32f10x_rcc.o(i.RCC_APB1PeriphClockCmd)
    RCC_APB2PeriphClockCmd                   0x080063fd   Thumb Code    26  stm32f10x_rcc.o(i.RCC_APB2PeriphClockCmd)
    RCC_APB2PeriphResetCmd                   0x0800641d   Thumb Code    26  stm32f10x_rcc.o(i.RCC_APB2PeriphResetCmd)
    RCC_GetClocksFreq                        0x0800643d   Thumb Code   192  stm32f10x_rcc.o(i.RCC_GetClocksFreq)
    RePaint                                  0x08006511   Thumb Code    28  main.o(i.RePaint)
    Remote_Init                              0x0800652d   Thumb Code   176  remote.o(i.Remote_Init)
    Remote_Scan                              0x080065e5   Thumb Code   106  remote.o(i.Remote_Scan)
    SqureDown                                0x08006745   Thumb Code    88  main.o(i.SqureDown)
    SqureLeft                                0x080067a1   Thumb Code    90  main.o(i.SqureLeft)
    SqureRight                               0x08006801   Thumb Code    90  main.o(i.SqureRight)
    StartScene                               0x08006861   Thumb Code    70  main.o(i.StartScene)
    SysTick_CLKSourceConfig                  0x080068f9   Thumb Code    40  misc.o(i.SysTick_CLKSourceConfig)
    SystemInit                               0x08006921   Thumb Code    78  system_stm32f10x.o(i.SystemInit)
    TIM5_IRQHandler                          0x08006bc1   Thumb Code   384  remote.o(i.TIM5_IRQHandler)
    TIM_ClearFlag                            0x08006d59   Thumb Code     6  stm32f10x_tim.o(i.TIM_ClearFlag)
    TIM_Cmd                                  0x08006d5f   Thumb Code    24  stm32f10x_tim.o(i.TIM_Cmd)
    TIM_GetCapture2                          0x08006d77   Thumb Code     6  stm32f10x_tim.o(i.TIM_GetCapture2)
    TIM_GetITStatus                          0x08006d7d   Thumb Code    34  stm32f10x_tim.o(i.TIM_GetITStatus)
    TIM_ICInit                               0x08006da1   Thumb Code   150  stm32f10x_tim.o(i.TIM_ICInit)
    TIM_ITConfig                             0x08006e4d   Thumb Code    18  stm32f10x_tim.o(i.TIM_ITConfig)
    TIM_OC2PolarityConfig                    0x08006e5f   Thumb Code    26  stm32f10x_tim.o(i.TIM_OC2PolarityConfig)
    TIM_SetCounter                           0x08006e79   Thumb Code     4  stm32f10x_tim.o(i.TIM_SetCounter)
    TIM_SetIC1Prescaler                      0x08006e7d   Thumb Code    18  stm32f10x_tim.o(i.TIM_SetIC1Prescaler)
    TIM_SetIC2Prescaler                      0x08006e8f   Thumb Code    26  stm32f10x_tim.o(i.TIM_SetIC2Prescaler)
    TIM_SetIC3Prescaler                      0x08006ea9   Thumb Code    18  stm32f10x_tim.o(i.TIM_SetIC3Prescaler)
    TIM_SetIC4Prescaler                      0x08006ebb   Thumb Code    26  stm32f10x_tim.o(i.TIM_SetIC4Prescaler)
    TIM_TimeBaseInit                         0x08006ed5   Thumb Code   122  stm32f10x_tim.o(i.TIM_TimeBaseInit)
    USART1_IRQHandler                        0x08006f79   Thumb Code   122  usart.o(i.USART1_IRQHandler)
    USART_Cmd                                0x08007001   Thumb Code    24  stm32f10x_usart.o(i.USART_Cmd)
    USART_GetITStatus                        0x08007019   Thumb Code    84  stm32f10x_usart.o(i.USART_GetITStatus)
    USART_ITConfig                           0x0800706d   Thumb Code    74  stm32f10x_usart.o(i.USART_ITConfig)
    USART_Init                               0x080070b9   Thumb Code   210  stm32f10x_usart.o(i.USART_Init)
    USART_ReceiveData                        0x08007191   Thumb Code    10  stm32f10x_usart.o(i.USART_ReceiveData)
    _sys_exit                                0x0800719b   Thumb Code     6  usart.o(i._sys_exit)
    addRankList                              0x080071a1   Thumb Code    42  main.o(i.addRankList)
    broad_Init                               0x080071d1   Thumb Code    52  main.o(i.broad_Init)
    copyNextToNow                            0x08007211   Thumb Code    70  main.o(i.copyNextToNow)
    delay_init                               0x08007279   Thumb Code    50  delay.o(i.delay_init)
    delay_ms                                 0x080072bd   Thumb Code    72  delay.o(i.delay_ms)
    delay_us                                 0x08007309   Thumb Code    72  delay.o(i.delay_us)
    drawYouDead                              0x08007355   Thumb Code    30  main.o(i.drawYouDead)
    draw_blocks                              0x08007381   Thumb Code    72  main.o(i.draw_blocks)
    draw_death_blocks                        0x080073dd   Thumb Code    80  main.o(i.draw_death_blocks)
    draw_next_blocks                         0x0800743d   Thumb Code    60  main.o(i.draw_next_blocks)
    fputc                                    0x08007485   Thumb Code    24  usart.o(i.fputc)
    main                                     0x080074a1   Thumb Code   424  main.o(i.main)
    shiftRank                                0x08007661   Thumb Code    26  main.o(i.shiftRank)
    showRankScene                            0x08007681   Thumb Code    38  main.o(i.showRankScene)
    showThisScore                            0x080076ad   Thumb Code    74  main.o(i.showThisScore)
    showTitle                                0x080076f9   Thumb Code    44  main.o(i.showTitle)
    startGame                                0x08007735   Thumb Code    54  main.o(i.startGame)
    uart_init                                0x08007775   Thumb Code   152  usart.o(i.uart_init)
    __aeabi_d2uiz                            0x08007815   Thumb Code     0  dfixu.o(x$fpl$dfixu)
    _dfixu                                   0x08007815   Thumb Code    90  dfixu.o(x$fpl$dfixu)
    __aeabi_ui2d                             0x0800786f   Thumb Code     0  dflt_clz.o(x$fpl$dfltu)
    _dfltu                                   0x0800786f   Thumb Code    38  dflt_clz.o(x$fpl$dfltu)
    __aeabi_dmul                             0x08007895   Thumb Code     0  dmul.o(x$fpl$dmul)
    _dmul                                    0x08007895   Thumb Code   332  dmul.o(x$fpl$dmul)
    __fpl_dnaninf                            0x080079e9   Thumb Code   156  dnaninf.o(x$fpl$dnaninf)
    __fpl_dretinf                            0x08007a85   Thumb Code    12  dretinf.o(x$fpl$dretinf)
    __I$use$fp                               0x08007a90   Number         0  usenofp.o(x$fpl$usenofp)
    asc2_1206                                0x08007a90   Data        1140  lcd.o(.constdata)
    asc2_1608                                0x08007f04   Data        1520  lcd.o(.constdata)
    asc2_2412                                0x080084f4   Data        3420  lcd.o(.constdata)
    Region$$Table$$Base                      0x08009278   Number         0  anon$$obj.o(Region$$Table)
    Region$$Table$$Limit                     0x08009298   Number         0  anon$$obj.o(Region$$Table)
    ROWS                                     0x20000000   Data           4  main.o(.data)
    COLS                                     0x20000004   Data           4  main.o(.data)
    CELL_SIZE                                0x20000008   Data           4  main.o(.data)
    colortable                               0x2000000c   Data          18  main.o(.data)
    nextnSqareID                             0x20000020   Data           4  main.o(.data)
    g_nextLine                               0x20000024   Data           4  main.o(.data)
    g_nextList                               0x20000028   Data           4  main.o(.data)
    nSqareID                                 0x2000002c   Data           4  main.o(.data)
    g_nLine                                  0x20000030   Data           4  main.o(.data)
    g_nList                                  0x20000034   Data           4  main.o(.data)
    Lines                                    0x20000038   Data           4  main.o(.data)
    Score                                    0x2000003c   Data           4  main.o(.data)
    GameStart                                0x20000040   Data           4  main.o(.data)
    GamePause                                0x20000044   Data           4  main.o(.data)
    RankShowing                              0x20000048   Data           4  main.o(.data)
    POINT_COLOR                              0x2000004c   Data           2  lcd.o(.data)
    BACK_COLOR                               0x2000004e   Data           2  lcd.o(.data)
    RmtSta                                   0x20000050   Data           1  remote.o(.data)
    Dval                                     0x20000052   Data           2  remote.o(.data)
    RmtRec                                   0x20000054   Data           4  remote.o(.data)
    RmtCnt                                   0x20000058   Data           1  remote.o(.data)
    __stdout                                 0x20000060   Data           4  usart.o(.data)
    USART_RX_STA                             0x20000064   Data           2  usart.o(.data)
    SystemCoreClock                          0x2000007c   Data           4  system_stm32f10x.o(.data)
    AHBPrescTable                            0x20000080   Data          16  system_stm32f10x.o(.data)
    broad                                    0x20000090   Data         800  main.o(.bss)
    arrSqare                                 0x200003b0   Data          32  main.o(.bss)
    nextarrSqare                             0x200003d0   Data          32  main.o(.bss)
    scoreRankList                            0x200003f0   Data          20  main.o(.bss)
    lcddev                                   0x20000404   Data          14  lcd.o(.bss)
    USART_RX_BUF                             0x20000412   Data         200  usart.o(.bss)
    _random_number_data                      0x200004dc   Data         228  rand.o(.bss)
    __libspace_start                         0x200005c0   Data          96  libspace.o(.bss)
    __temporary_stack_top$libspace           0x20000620   Data           0  libspace.o(.bss)



==============================================================================

Memory Map of the image

  Image Entry point : 0x08000131

  Load Region LR_IROM1 (Base: 0x08000000, Size: 0x00009328, Max: 0x00040000, ABSOLUTE)

    Execution Region ER_IROM1 (Base: 0x08000000, Size: 0x00009298, Max: 0x00040000, ABSOLUTE)

    Base Addr    Size         Type   Attr      Idx    E Section Name        Object

    0x08000000   0x00000130   Data   RO         2021    RESET               startup_stm32f10x_hd.o
    0x08000130   0x00000008   Code   RO         2122  * !!!main             c_w.l(__main.o)
    0x08000138   0x00000034   Code   RO         2306    !!!scatter          c_w.l(__scatter.o)
    0x0800016c   0x0000001a   Code   RO         2308    !!handler_copy      c_w.l(__scatter_copy.o)
    0x08000186   0x00000002   PAD
    0x08000188   0x0000001c   Code   RO         2310    !!handler_zi        c_w.l(__scatter_zi.o)
    0x080001a4   0x00000000   Code   RO         2112    .ARM.Collect$$_printf_percent$$00000000  c_w.l(_printf_percent.o)
    0x080001a4   0x00000006   Code   RO         2111    .ARM.Collect$$_printf_percent$$0000000C  c_w.l(_printf_x.o)
    0x080001aa   0x00000004   Code   RO         2143    .ARM.Collect$$_printf_percent$$00000017  c_w.l(_printf_percent_end.o)
    0x080001ae   0x00000002   Code   RO         2234    .ARM.Collect$$libinit$$00000000  c_w.l(libinit.o)
    0x080001b0   0x00000000   Code   RO         2145    .ARM.Collect$$libinit$$00000002  c_w.l(libinit2.o)
    0x080001b0   0x00000000   Code   RO         2147    .ARM.Collect$$libinit$$00000004  c_w.l(libinit2.o)
    0x080001b0   0x00000000   Code   RO         2150    .ARM.Collect$$libinit$$0000000A  c_w.l(libinit2.o)
    0x080001b0   0x00000000   Code   RO         2152    .ARM.Collect$$libinit$$0000000C  c_w.l(libinit2.o)
    0x080001b0   0x00000004   Code   RO         2153    .ARM.Collect$$libinit$$0000000D  c_w.l(libinit2.o)
    0x080001b4   0x00000000   Code   RO         2154    .ARM.Collect$$libinit$$0000000E  c_w.l(libinit2.o)
    0x080001b4   0x00000000   Code   RO         2157    .ARM.Collect$$libinit$$00000011  c_w.l(libinit2.o)
    0x080001b4   0x00000000   Code   RO         2159    .ARM.Collect$$libinit$$00000013  c_w.l(libinit2.o)
    0x080001b4   0x00000000   Code   RO         2161    .ARM.Collect$$libinit$$00000015  c_w.l(libinit2.o)
    0x080001b4   0x00000000   Code   RO         2163    .ARM.Collect$$libinit$$00000017  c_w.l(libinit2.o)
    0x080001b4   0x00000000   Code   RO         2165    .ARM.Collect$$libinit$$00000019  c_w.l(libinit2.o)
    0x080001b4   0x00000000   Code   RO         2167    .ARM.Collect$$libinit$$0000001B  c_w.l(libinit2.o)
    0x080001b4   0x00000000   Code   RO         2169    .ARM.Collect$$libinit$$0000001D  c_w.l(libinit2.o)
    0x080001b4   0x00000000   Code   RO         2171    .ARM.Collect$$libinit$$0000001F  c_w.l(libinit2.o)
    0x080001b4   0x00000000   Code   RO         2173    .ARM.Collect$$libinit$$00000021  c_w.l(libinit2.o)
    0x080001b4   0x00000000   Code   RO         2175    .ARM.Collect$$libinit$$00000023  c_w.l(libinit2.o)
    0x080001b4   0x00000000   Code   RO         2177    .ARM.Collect$$libinit$$00000025  c_w.l(libinit2.o)
    0x080001b4   0x00000000   Code   RO         2181    .ARM.Collect$$libinit$$0000002C  c_w.l(libinit2.o)
    0x080001b4   0x00000000   Code   RO         2183    .ARM.Collect$$libinit$$0000002E  c_w.l(libinit2.o)
    0x080001b4   0x00000000   Code   RO         2185    .ARM.Collect$$libinit$$00000030  c_w.l(libinit2.o)
    0x080001b4   0x00000000   Code   RO         2187    .ARM.Collect$$libinit$$00000032  c_w.l(libinit2.o)
    0x080001b4   0x00000002   Code   RO         2188    .ARM.Collect$$libinit$$00000033  c_w.l(libinit2.o)
    0x080001b6   0x00000002   Code   RO         2268    .ARM.Collect$$libshutdown$$00000000  c_w.l(libshutdown.o)
    0x080001b8   0x00000000   Code   RO         2275    .ARM.Collect$$libshutdown$$00000003  c_w.l(libshutdown2.o)
    0x080001b8   0x00000000   Code   RO         2278    .ARM.Collect$$libshutdown$$00000006  c_w.l(libshutdown2.o)
    0x080001b8   0x00000000   Code   RO         2281    .ARM.Collect$$libshutdown$$00000009  c_w.l(libshutdown2.o)
    0x080001b8   0x00000000   Code   RO         2283    .ARM.Collect$$libshutdown$$0000000B  c_w.l(libshutdown2.o)
    0x080001b8   0x00000000   Code   RO         2286    .ARM.Collect$$libshutdown$$0000000E  c_w.l(libshutdown2.o)
    0x080001b8   0x00000002   Code   RO         2287    .ARM.Collect$$libshutdown$$0000000F  c_w.l(libshutdown2.o)
    0x080001ba   0x00000000   Code   RO         2138    .ARM.Collect$$rtentry$$00000000  c_w.l(__rtentry.o)
    0x080001ba   0x00000000   Code   RO         2195    .ARM.Collect$$rtentry$$00000002  c_w.l(__rtentry2.o)
    0x080001ba   0x00000006   Code   RO         2207    .ARM.Collect$$rtentry$$00000004  c_w.l(__rtentry4.o)
    0x080001c0   0x00000000   Code   RO         2197    .ARM.Collect$$rtentry$$00000009  c_w.l(__rtentry2.o)
    0x080001c0   0x00000004   Code   RO         2198    .ARM.Collect$$rtentry$$0000000A  c_w.l(__rtentry2.o)
    0x080001c4   0x00000000   Code   RO         2200    .ARM.Collect$$rtentry$$0000000C  c_w.l(__rtentry2.o)
    0x080001c4   0x00000008   Code   RO         2201    .ARM.Collect$$rtentry$$0000000D  c_w.l(__rtentry2.o)
    0x080001cc   0x00000002   Code   RO         2240    .ARM.Collect$$rtexit$$00000000  c_w.l(rtexit.o)
    0x080001ce   0x00000000   Code   RO         2250    .ARM.Collect$$rtexit$$00000002  c_w.l(rtexit2.o)
    0x080001ce   0x00000004   Code   RO         2251    .ARM.Collect$$rtexit$$00000003  c_w.l(rtexit2.o)
    0x080001d2   0x00000006   Code   RO         2252    .ARM.Collect$$rtexit$$00000004  c_w.l(rtexit2.o)
    0x080001d8   0x00000034   Code   RO         2113    .emb_text           c_w.l(rand.o)
    0x0800020c   0x00000040   Code   RO         2022    .text               startup_stm32f10x_hd.o
    0x0800024c   0x00000002   Code   RO         2062    .text               c_w.l(use_no_semi_2.o)
    0x0800024e   0x00000002   PAD
    0x08000250   0x00000018   Code   RO         2066    .text               c_w.l(noretval__2printf.o)
    0x08000268   0x00000068   Code   RO         2068    .text               c_w.l(__printf.o)
    0x080002d0   0x00000058   Code   RO         2073    .text               c_w.l(_printf_hex_int.o)
    0x08000328   0x0000003c   Code   RO         2114    .text               c_w.l(rand.o)
    0x08000364   0x0000004e   Code   RO         2118    .text               c_w.l(rt_memclr_w.o)
    0x080003b2   0x00000006   Code   RO         2120    .text               c_w.l(heapauxi.o)
    0x080003b8   0x00000002   Code   RO         2136    .text               c_w.l(use_no_semi.o)
    0x080003ba   0x000000b2   Code   RO         2139    .text               c_w.l(_printf_intcommon.o)
    0x0800046c   0x00000024   Code   RO         2141    .text               c_w.l(_printf_char_file.o)
    0x08000490   0x00000030   Code   RO         2209    .text               c_w.l(_printf_char_common.o)
    0x080004c0   0x00000008   Code   RO         2211    .text               c_w.l(ferror.o)
    0x080004c8   0x0000004a   Code   RO         2219    .text               c_w.l(sys_stackheap_outer.o)
    0x08000512   0x0000000c   Code   RO         2223    .text               c_w.l(exit.o)
    0x0800051e   0x00000002   PAD
    0x08000520   0x00000008   Code   RO         2237    .text               c_w.l(libspace.o)
    0x08000528   0x00000016   Code   RO          725    i.ADC_Cmd           stm32f10x_adc.o
    0x0800053e   0x00000002   PAD
    0x08000540   0x0000005c   Code   RO          727    i.ADC_DeInit        stm32f10x_adc.o
    0x0800059c   0x00000014   Code   RO          733    i.ADC_GetCalibrationStatus  stm32f10x_adc.o
    0x080005b0   0x00000008   Code   RO          734    i.ADC_GetConversionValue  stm32f10x_adc.o
    0x080005b8   0x00000012   Code   RO          736    i.ADC_GetFlagStatus  stm32f10x_adc.o
    0x080005ca   0x00000014   Code   RO          739    i.ADC_GetResetCalibrationStatus  stm32f10x_adc.o
    0x080005de   0x00000002   PAD
    0x080005e0   0x00000050   Code   RO          743    i.ADC_Init          stm32f10x_adc.o
    0x08000630   0x000000b8   Code   RO          747    i.ADC_RegularChannelConfig  stm32f10x_adc.o
    0x080006e8   0x0000000a   Code   RO          748    i.ADC_ResetCalibration  stm32f10x_adc.o
    0x080006f2   0x00000016   Code   RO          750    i.ADC_SoftwareStartConvCmd  stm32f10x_adc.o
    0x08000708   0x0000000a   Code   RO          752    i.ADC_StartCalibration  stm32f10x_adc.o
    0x08000712   0x00000002   PAD
    0x08000714   0x0000008c   Code   RO          544    i.Adc_Init          adc.o
    0x080007a0   0x00000024   Code   RO            1    i.CanGameOver       main.o
    0x080007c4   0x00000084   Code   RO            2    i.CanLongChange     main.o
    0x08000848   0x0000006c   Code   RO            3    i.CanSqureChangeShape  main.o
    0x080008b4   0x00000024   Code   RO            4    i.CanSqureDown      main.o
    0x080008d8   0x00000048   Code   RO            5    i.CanSqureDown2     main.o
    0x08000920   0x00000064   Code   RO            6    i.CanSqureLeft      main.o
    0x08000984   0x00000068   Code   RO            7    i.CanSqureRight     main.o
    0x080009ec   0x00000048   Code   RO            8    i.Change1To2        main.o
    0x08000a34   0x0000004c   Code   RO            9    i.ChangeSqure       main.o
    0x08000a80   0x0000029c   Code   RO           10    i.ChangeSqureLong   main.o
    0x08000d1c   0x0000009c   Code   RO           11    i.ChangeSqureNormal  main.o
    0x08000db8   0x00000040   Code   RO           12    i.CopySqareToBack   main.o
    0x08000df8   0x00000174   Code   RO           13    i.CreateRandomSqare  main.o
    0x08000f6c   0x00000094   Code   RO           14    i.DestoryOneLine    main.o
    0x08001000   0x00000050   Code   RO           15    i.DrawBlock         main.o
    0x08001050   0x00000094   Code   RO           16    i.DrawBorderLine    main.o
    0x080010e4   0x00000054   Code   RO           17    i.DrawNextBlock     main.o
    0x08001138   0x00000116   Code   RO          947    i.GPIO_Init         stm32f10x_gpio.o
    0x0800124e   0x00000002   PAD
    0x08001250   0x00000090   Code   RO          949    i.GPIO_PinRemapConfig  stm32f10x_gpio.o
    0x080012e0   0x00000004   Code   RO          955    i.GPIO_SetBits      stm32f10x_gpio.o
    0x080012e4   0x00000034   Code   RO          545    i.Get_Adc           adc.o
    0x08001318   0x0000002e   Code   RO          546    i.Get_Adc_Average   adc.o
    0x08001346   0x00000002   PAD
    0x08001348   0x00000088   Code   RO          293    i.LCD_Clear         lcd.o
    0x080013d0   0x000001c0   Code   RO          297    i.LCD_Display_Dir   lcd.o
    0x08001590   0x000000b0   Code   RO          298    i.LCD_DrawLine      lcd.o
    0x08001640   0x00000040   Code   RO          299    i.LCD_DrawPoint     lcd.o
    0x08001680   0x0000003c   Code   RO          300    i.LCD_DrawRectangle  lcd.o
    0x080016bc   0x00000364   Code   RO          302    i.LCD_Fast_DrawPoint  lcd.o
    0x08001a20   0x000000d4   Code   RO          303    i.LCD_Fill          lcd.o
    0x08001af4   0x00003bbc   Code   RO          304    i.LCD_Init          lcd.o
    0x080056b0   0x00000016   Code   RO          305    i.LCD_Pow           lcd.o
    0x080056c6   0x00000002   PAD
    0x080056c8   0x00000070   Code   RO          306    i.LCD_RD_DATA       lcd.o
    0x08005738   0x00000010   Code   RO          308    i.LCD_ReadReg       lcd.o
    0x08005748   0x000000d4   Code   RO          309    i.LCD_SSD_BackLightSet  lcd.o
    0x0800581c   0x00000458   Code   RO          310    i.LCD_Scan_Dir      lcd.o
    0x08005c74   0x000003bc   Code   RO          311    i.LCD_SetCursor     lcd.o
    0x08006030   0x00000128   Code   RO          313    i.LCD_ShowChar      lcd.o
    0x08006158   0x00000066   Code   RO          315    i.LCD_ShowString    lcd.o
    0x080061be   0x000000be   Code   RO          316    i.LCD_ShowxNum      lcd.o
    0x0800627c   0x00000024   Code   RO          317    i.LCD_WR_DATAX      lcd.o
    0x080062a0   0x00000024   Code   RO          318    i.LCD_WR_REG        lcd.o
    0x080062c4   0x00000010   Code   RO          320    i.LCD_WriteRAM_Prepare  lcd.o
    0x080062d4   0x00000030   Code   RO          321    i.LCD_WriteReg      lcd.o
    0x08006304   0x00000050   Code   RO          495    i.LED_Init          led.o
    0x08006354   0x00000070   Code   RO          683    i.NVIC_Init         misc.o
    0x080063c4   0x00000018   Code   RO         1055    i.RCC_ADCCLKConfig  stm32f10x_rcc.o
    0x080063dc   0x00000020   Code   RO         1057    i.RCC_APB1PeriphClockCmd  stm32f10x_rcc.o
    0x080063fc   0x00000020   Code   RO         1059    i.RCC_APB2PeriphClockCmd  stm32f10x_rcc.o
    0x0800641c   0x00000020   Code   RO         1060    i.RCC_APB2PeriphResetCmd  stm32f10x_rcc.o
    0x0800643c   0x000000d4   Code   RO         1067    i.RCC_GetClocksFreq  stm32f10x_rcc.o
    0x08006510   0x0000001c   Code   RO           18    i.RePaint           main.o
    0x0800652c   0x000000b8   Code   RO          510    i.Remote_Init       remote.o
    0x080065e4   0x00000078   Code   RO          511    i.Remote_Scan       remote.o
    0x0800665c   0x00000008   Code   RO         2026    i.SetSysClock       system_stm32f10x.o
    0x08006664   0x000000e0   Code   RO         2027    i.SetSysClockTo72   system_stm32f10x.o
    0x08006744   0x0000005c   Code   RO           19    i.SqureDown         main.o
    0x080067a0   0x00000060   Code   RO           20    i.SqureLeft         main.o
    0x08006800   0x00000060   Code   RO           21    i.SqureRight        main.o
    0x08006860   0x00000098   Code   RO           22    i.StartScene        main.o
    0x080068f8   0x00000028   Code   RO          687    i.SysTick_CLKSourceConfig  misc.o
    0x08006920   0x00000060   Code   RO         2029    i.SystemInit        system_stm32f10x.o
    0x08006980   0x00000080   Code   RO         1255    i.TI1_Config        stm32f10x_tim.o
    0x08006a00   0x00000098   Code   RO         1256    i.TI2_Config        stm32f10x_tim.o
    0x08006a98   0x00000090   Code   RO         1257    i.TI3_Config        stm32f10x_tim.o
    0x08006b28   0x00000098   Code   RO         1258    i.TI4_Config        stm32f10x_tim.o
    0x08006bc0   0x00000198   Code   RO          512    i.TIM5_IRQHandler   remote.o
    0x08006d58   0x00000006   Code   RO         1265    i.TIM_ClearFlag     stm32f10x_tim.o
    0x08006d5e   0x00000018   Code   RO         1271    i.TIM_Cmd           stm32f10x_tim.o
    0x08006d76   0x00000006   Code   RO         1287    i.TIM_GetCapture2   stm32f10x_tim.o
    0x08006d7c   0x00000022   Code   RO         1292    i.TIM_GetITStatus   stm32f10x_tim.o
    0x08006d9e   0x00000002   PAD
    0x08006da0   0x000000ac   Code   RO         1294    i.TIM_ICInit        stm32f10x_tim.o
    0x08006e4c   0x00000012   Code   RO         1296    i.TIM_ITConfig      stm32f10x_tim.o
    0x08006e5e   0x0000001a   Code   RO         1307    i.TIM_OC2PolarityConfig  stm32f10x_tim.o
    0x08006e78   0x00000004   Code   RO         1336    i.TIM_SetCounter    stm32f10x_tim.o
    0x08006e7c   0x00000012   Code   RO         1337    i.TIM_SetIC1Prescaler  stm32f10x_tim.o
    0x08006e8e   0x0000001a   Code   RO         1338    i.TIM_SetIC2Prescaler  stm32f10x_tim.o
    0x08006ea8   0x00000012   Code   RO         1339    i.TIM_SetIC3Prescaler  stm32f10x_tim.o
    0x08006eba   0x0000001a   Code   RO         1340    i.TIM_SetIC4Prescaler  stm32f10x_tim.o
    0x08006ed4   0x000000a4   Code   RO         1342    i.TIM_TimeBaseInit  stm32f10x_tim.o
    0x08006f78   0x00000088   Code   RO          632    i.USART1_IRQHandler  usart.o
    0x08007000   0x00000018   Code   RO         1807    i.USART_Cmd         stm32f10x_usart.o
    0x08007018   0x00000054   Code   RO         1811    i.USART_GetITStatus  stm32f10x_usart.o
    0x0800706c   0x0000004a   Code   RO         1813    i.USART_ITConfig    stm32f10x_usart.o
    0x080070b6   0x00000002   PAD
    0x080070b8   0x000000d8   Code   RO         1814    i.USART_Init        stm32f10x_usart.o
    0x08007190   0x0000000a   Code   RO         1821    i.USART_ReceiveData  stm32f10x_usart.o
    0x0800719a   0x00000006   Code   RO          633    i._sys_exit         usart.o
    0x080071a0   0x00000030   Code   RO           23    i.addRankList       main.o
    0x080071d0   0x00000040   Code   RO           24    i.broad_Init        main.o
    0x08007210   0x00000068   Code   RO           25    i.copyNextToNow     main.o
    0x08007278   0x00000044   Code   RO          571    i.delay_init        delay.o
    0x080072bc   0x0000004c   Code   RO          572    i.delay_ms          delay.o
    0x08007308   0x0000004c   Code   RO          573    i.delay_us          delay.o
    0x08007354   0x0000002c   Code   RO           26    i.drawYouDead       main.o
    0x08007380   0x0000005c   Code   RO           27    i.draw_blocks       main.o
    0x080073dc   0x00000060   Code   RO           28    i.draw_death_blocks  main.o
    0x0800743c   0x00000048   Code   RO           29    i.draw_next_blocks  main.o
    0x08007484   0x0000001c   Code   RO          634    i.fputc             usart.o
    0x080074a0   0x000001c0   Code   RO           30    i.main              main.o
    0x08007660   0x00000020   Code   RO           31    i.shiftRank         main.o
    0x08007680   0x0000002c   Code   RO           32    i.showRankScene     main.o
    0x080076ac   0x0000004a   Code   RO           33    i.showThisScore     main.o
    0x080076f6   0x00000002   PAD
    0x080076f8   0x0000003c   Code   RO           34    i.showTitle         main.o
    0x08007734   0x00000040   Code   RO           35    i.startGame         main.o
    0x08007774   0x000000a0   Code   RO          635    i.uart_init         usart.o
    0x08007814   0x0000005a   Code   RO         2124    x$fpl$dfixu         fz_ws.l(dfixu.o)
    0x0800786e   0x00000026   Code   RO         2128    x$fpl$dfltu         fz_ws.l(dflt_clz.o)
    0x08007894   0x00000154   Code   RO         2134    x$fpl$dmul          fz_ws.l(dmul.o)
    0x080079e8   0x0000009c   Code   RO         2189    x$fpl$dnaninf       fz_ws.l(dnaninf.o)
    0x08007a84   0x0000000c   Code   RO         2191    x$fpl$dretinf       fz_ws.l(dretinf.o)
    0x08007a90   0x00000000   Code   RO         2193    x$fpl$usenofp       fz_ws.l(usenofp.o)
    0x08007a90   0x000017c0   Data   RO          324    .constdata          lcd.o
    0x08009250   0x00000028   Data   RO         2074    .constdata          c_w.l(_printf_hex_int.o)
    0x08009278   0x00000020   Data   RO         2304    Region$$Table       anon$$obj.o


    Execution Region RW_IRAM1 (Base: 0x20000000, Size: 0x00000c20, Max: 0x0000c000, ABSOLUTE)

    Base Addr    Size         Type   Attr      Idx    E Section Name        Object

    0x20000000   0x0000004c   Data   RW           37    .data               main.o
    0x2000004c   0x00000004   Data   RW          325    .data               lcd.o
    0x20000050   0x00000009   Data   RW          513    .data               remote.o
    0x20000059   0x00000001   PAD
    0x2000005a   0x00000004   Data   RW          574    .data               delay.o
    0x2000005e   0x00000002   PAD
    0x20000060   0x00000006   Data   RW          637    .data               usart.o
    0x20000066   0x00000014   Data   RW         1087    .data               stm32f10x_rcc.o
    0x2000007a   0x00000002   PAD
    0x2000007c   0x00000014   Data   RW         2030    .data               system_stm32f10x.o
    0x20000090   0x00000374   Zero   RW           36    .bss                main.o
    0x20000404   0x0000000e   Zero   RW          323    .bss                lcd.o
    0x20000412   0x000000c8   Zero   RW          636    .bss                usart.o
    0x200004da   0x00000002   PAD
    0x200004dc   0x000000e4   Zero   RW         2115    .bss                c_w.l(rand.o)
    0x200005c0   0x00000060   Zero   RW         2238    .bss                c_w.l(libspace.o)
    0x20000620   0x00000200   Zero   RW         2020    HEAP                startup_stm32f10x_hd.o
    0x20000820   0x00000400   Zero   RW         2019    STACK               startup_stm32f10x_hd.o


==============================================================================

Image component sizes


      Code (inc. data)   RO Data    RW Data    ZI Data      Debug   Object Name

       238         14          0          0          0       1567   adc.o
       220         26          0          4          0       1475   delay.o
     20410        264       6080          4         14      25383   lcd.o
        80          8          0          0          0        443   led.o
      4162        460          0         76        884     280043   main.o
       152         12          0          0          0       1714   misc.o
       712         46          0          9          0       2114   remote.o
        64         26        304          0       1536        784   startup_stm32f10x_hd.o
       486         24          0          0          0       9206   stm32f10x_adc.o
       426          6          0          0          0       3537   stm32f10x_gpio.o
       332         44          0         20          0       5886   stm32f10x_rcc.o
      1118        150          0          0          0      12078   stm32f10x_tim.o
       408          6          0          0          0       5294   stm32f10x_usart.o
         0          0          0          0          0         32   sys.o
       328         28          0         20          0       2117   system_stm32f10x.o
       330         26          0          6        200       3804   usart.o

    ----------------------------------------------------------------------
     29484       1140       6416        144       2636     355477   Object Totals
         0          0         32          0          0          0   (incl. Generated)
        18          0          0          5          2          0   (incl. Padding)

    ----------------------------------------------------------------------

      Code (inc. data)   RO Data    RW Data    ZI Data      Debug   Library Member Name

         8          0          0          0          0         68   __main.o
       104          0          0          0          0         84   __printf.o
         0          0          0          0          0          0   __rtentry.o
        12          0          0          0          0          0   __rtentry2.o
         6          0          0          0          0          0   __rtentry4.o
        52          8          0          0          0          0   __scatter.o
        26          0          0          0          0          0   __scatter_copy.o
        28          0          0          0          0          0   __scatter_zi.o
        48          6          0          0          0         96   _printf_char_common.o
        36          4          0          0          0         80   _printf_char_file.o
        88          4         40          0          0         88   _printf_hex_int.o
       178          0          0          0          0         88   _printf_intcommon.o
         0          0          0          0          0          0   _printf_percent.o
         4          0          0          0          0          0   _printf_percent_end.o
         6          0          0          0          0          0   _printf_x.o
        12          0          0          0          0         72   exit.o
         8          0          0          0          0         68   ferror.o
         6          0          0          0          0        152   heapauxi.o
         2          0          0          0          0          0   libinit.o
         6          0          0          0          0          0   libinit2.o
         2          0          0          0          0          0   libshutdown.o
         2          0          0          0          0          0   libshutdown2.o
         8          4          0          0         96         68   libspace.o
        24          4          0          0          0         84   noretval__2printf.o
       112         18          0          0        228        160   rand.o
        78          0          0          0          0         80   rt_memclr_w.o
         2          0          0          0          0          0   rtexit.o
        10          0          0          0          0          0   rtexit2.o
        74          0          0          0          0         80   sys_stackheap_outer.o
         2          0          0          0          0         68   use_no_semi.o
         2          0          0          0          0         68   use_no_semi_2.o
        90          4          0          0          0         92   dfixu.o
        38          0          0          0          0         68   dflt_clz.o
       340         12          0          0          0        104   dmul.o
       156          4          0          0          0         92   dnaninf.o
        12          0          0          0          0         68   dretinf.o
         0          0          0          0          0          0   usenofp.o

    ----------------------------------------------------------------------
      1588         68         40          0        324       1828   Library Totals
         6          0          0          0          0          0   (incl. Padding)

    ----------------------------------------------------------------------

      Code (inc. data)   RO Data    RW Data    ZI Data      Debug   Library Name

       946         48         40          0        324       1404   c_w.l
       636         20          0          0          0        424   fz_ws.l

    ----------------------------------------------------------------------
      1588         68         40          0        324       1828   Library Totals

    ----------------------------------------------------------------------

==============================================================================


      Code (inc. data)   RO Data    RW Data    ZI Data      Debug   

     31072       1208       6456        144       2960     350489   Grand Totals
     31072       1208       6456        144       2960     350489   ELF Image Totals
     31072       1208       6456        144          0          0   ROM Totals

==============================================================================

    Total RO  Size (Code + RO Data)                37528 (  36.65kB)
    Total RW  Size (RW Data + ZI Data)              3104 (   3.03kB)
    Total ROM Size (Code + RO Data + RW Data)      37672 (  36.79kB)

==============================================================================

